Component: ARM Compiler 5.06 update 6 (build 750) Tool: armlink [4d35ed]

==============================================================================

Section Cross References

    startup_stm32f40xx.o(RESET) refers to startup_stm32f40xx.o(STACK) for __initial_sp
    startup_stm32f40xx.o(RESET) refers to startup_stm32f40xx.o(.text) for Reset_Handler
    startup_stm32f40xx.o(RESET) refers to stm32f4xx_it.o(i.NMI_Handler) for NMI_Handler
    startup_stm32f40xx.o(RESET) refers to stm32f4xx_it.o(i.HardFault_Handler) for HardFault_Handler
    startup_stm32f40xx.o(RESET) refers to stm32f4xx_it.o(i.MemManage_Handler) for MemManage_Handler
    startup_stm32f40xx.o(RESET) refers to stm32f4xx_it.o(i.BusFault_Handler) for BusFault_Handler
    startup_stm32f40xx.o(RESET) refers to stm32f4xx_it.o(i.UsageFault_Handler) for UsageFault_Handler
    startup_stm32f40xx.o(RESET) refers to port.o(.emb_text) for SVC_Handler
    startup_stm32f40xx.o(RESET) refers to stm32f4xx_it.o(i.DebugMon_Handler) for DebugMon_Handler
    startup_stm32f40xx.o(RESET) refers to stm32f4xx_it.o(i.SysTick_Handler) for SysTick_Handler
    startup_stm32f40xx.o(RESET) refers to stm32f4xx_it.o(i.USART2_IRQHandler) for USART2_IRQHandler
    startup_stm32f40xx.o(RESET) refers to stm32f4xx_it.o(i.CAN2_RX0_IRQHandler) for CAN2_RX0_IRQHandler
    startup_stm32f40xx.o(.text) refers to system_stm32f4xx.o(i.SystemInit) for SystemInit
    startup_stm32f40xx.o(.text) refers to entry.o(.ARM.Collect$$$$00000000) for __main
    system_stm32f4xx.o(i.SystemCoreClockUpdate) refers to system_stm32f4xx.o(.data) for .data
    system_stm32f4xx.o(i.SystemInit) refers to system_stm32f4xx.o(i.SetSysClock) for SetSysClock
    stm32f4xx_adc.o(i.ADC_DeInit) refers to stm32f4xx_rcc.o(i.RCC_APB2PeriphResetCmd) for RCC_APB2PeriphResetCmd
    stm32f4xx_can.o(i.CAN_DeInit) refers to stm32f4xx_rcc.o(i.RCC_APB1PeriphResetCmd) for RCC_APB1PeriphResetCmd
    stm32f4xx_can.o(i.CAN_GetITStatus) refers to stm32f4xx_can.o(i.CheckITStatus) for CheckITStatus
    stm32f4xx_cryp.o(i.CRYP_DeInit) refers to stm32f4xx_rcc.o(i.RCC_AHB2PeriphResetCmd) for RCC_AHB2PeriphResetCmd
    stm32f4xx_cryp_aes.o(i.CRYP_AES_CBC) refers to stm32f4xx_cryp.o(i.CRYP_KeyStructInit) for CRYP_KeyStructInit
    stm32f4xx_cryp_aes.o(i.CRYP_AES_CBC) refers to stm32f4xx_cryp.o(i.CRYP_KeyInit) for CRYP_KeyInit
    stm32f4xx_cryp_aes.o(i.CRYP_AES_CBC) refers to stm32f4xx_cryp.o(i.CRYP_Init) for CRYP_Init
    stm32f4xx_cryp_aes.o(i.CRYP_AES_CBC) refers to stm32f4xx_cryp.o(i.CRYP_IVInit) for CRYP_IVInit
    stm32f4xx_cryp_aes.o(i.CRYP_AES_CBC) refers to stm32f4xx_cryp.o(i.CRYP_FIFOFlush) for CRYP_FIFOFlush
    stm32f4xx_cryp_aes.o(i.CRYP_AES_CBC) refers to stm32f4xx_cryp.o(i.CRYP_Cmd) for CRYP_Cmd
    stm32f4xx_cryp_aes.o(i.CRYP_AES_CBC) refers to stm32f4xx_cryp.o(i.CRYP_GetCmdStatus) for CRYP_GetCmdStatus
    stm32f4xx_cryp_aes.o(i.CRYP_AES_CBC) refers to stm32f4xx_cryp.o(i.CRYP_GetFlagStatus) for CRYP_GetFlagStatus
    stm32f4xx_cryp_aes.o(i.CRYP_AES_CBC) refers to stm32f4xx_cryp.o(i.CRYP_DataIn) for CRYP_DataIn
    stm32f4xx_cryp_aes.o(i.CRYP_AES_CBC) refers to stm32f4xx_cryp.o(i.CRYP_DataOut) for CRYP_DataOut
    stm32f4xx_cryp_aes.o(i.CRYP_AES_CCM) refers to stm32f4xx_cryp.o(i.CRYP_KeyStructInit) for CRYP_KeyStructInit
    stm32f4xx_cryp_aes.o(i.CRYP_AES_CCM) refers to stm32f4xx_cryp.o(i.CRYP_FIFOFlush) for CRYP_FIFOFlush
    stm32f4xx_cryp_aes.o(i.CRYP_AES_CCM) refers to stm32f4xx_cryp.o(i.CRYP_KeyInit) for CRYP_KeyInit
    stm32f4xx_cryp_aes.o(i.CRYP_AES_CCM) refers to stm32f4xx_cryp.o(i.CRYP_IVInit) for CRYP_IVInit
    stm32f4xx_cryp_aes.o(i.CRYP_AES_CCM) refers to stm32f4xx_cryp.o(i.CRYP_Init) for CRYP_Init
    stm32f4xx_cryp_aes.o(i.CRYP_AES_CCM) refers to stm32f4xx_cryp.o(i.CRYP_PhaseConfig) for CRYP_PhaseConfig
    stm32f4xx_cryp_aes.o(i.CRYP_AES_CCM) refers to stm32f4xx_cryp.o(i.CRYP_DataIn) for CRYP_DataIn
    stm32f4xx_cryp_aes.o(i.CRYP_AES_CCM) refers to stm32f4xx_cryp.o(i.CRYP_Cmd) for CRYP_Cmd
    stm32f4xx_cryp_aes.o(i.CRYP_AES_CCM) refers to stm32f4xx_cryp.o(i.CRYP_GetCmdStatus) for CRYP_GetCmdStatus
    stm32f4xx_cryp_aes.o(i.CRYP_AES_CCM) refers to stm32f4xx_cryp.o(i.CRYP_GetFlagStatus) for CRYP_GetFlagStatus
    stm32f4xx_cryp_aes.o(i.CRYP_AES_CCM) refers to stm32f4xx_cryp.o(i.CRYP_DataOut) for CRYP_DataOut
    stm32f4xx_cryp_aes.o(i.CRYP_AES_CTR) refers to stm32f4xx_cryp.o(i.CRYP_KeyStructInit) for CRYP_KeyStructInit
    stm32f4xx_cryp_aes.o(i.CRYP_AES_CTR) refers to stm32f4xx_cryp.o(i.CRYP_KeyInit) for CRYP_KeyInit
    stm32f4xx_cryp_aes.o(i.CRYP_AES_CTR) refers to stm32f4xx_cryp.o(i.CRYP_Init) for CRYP_Init
    stm32f4xx_cryp_aes.o(i.CRYP_AES_CTR) refers to stm32f4xx_cryp.o(i.CRYP_IVInit) for CRYP_IVInit
    stm32f4xx_cryp_aes.o(i.CRYP_AES_CTR) refers to stm32f4xx_cryp.o(i.CRYP_FIFOFlush) for CRYP_FIFOFlush
    stm32f4xx_cryp_aes.o(i.CRYP_AES_CTR) refers to stm32f4xx_cryp.o(i.CRYP_Cmd) for CRYP_Cmd
[...]
    Removing bsp_debug_usart.o(i.Usart_SendByte), (22 bytes).
    Removing bsp_debug_usart.o(i.Usart_SendHalfWord), (50 bytes).
    Removing bsp_debug_usart.o(i.Usart_SendString), (38 bytes).
    Removing bsp_debug_usart.o(i.fgetc), (32 bytes).
    Removing bsp_can.o(.rev16_text), (4 bytes).
    Removing bsp_can.o(.revsh_text), (4 bytes).
    Removing bsp_can.o(.rrx_text), (6 bytes).
    Removing bsp_can.o(i.Init_RxMes), (28 bytes).
    Removing bsp_pbdata.o(.rev16_text), (4 bytes).
    Removing bsp_pbdata.o(.revsh_text), (4 bytes).
    Removing bsp_pbdata.o(.rrx_text), (6 bytes).
    Removing bsp_pbdata.o(i.StatusPacket_Init), (192 bytes).
    Removing bsp_pbdata.o(i.time_to_timestamp), (104 bytes).
    Removing bsp_485.o(.rev16_text), (4 bytes).
    Removing bsp_485.o(.revsh_text), (4 bytes).
    Removing bsp_485.o(.rrx_text), (6 bytes).
    Removing bsp_485.o(i._485_SendString), (84 bytes).
    Removing croutine.o(.rev16_text), (4 bytes).
    Removing croutine.o(.revsh_text), (4 bytes).
    Removing croutine.o(.rrx_text), (6 bytes).
    Removing event_groups.o(.rev16_text), (4 bytes).
    Removing event_groups.o(.revsh_text), (4 bytes).
    Removing event_groups.o(.rrx_text), (6 bytes).
    Removing event_groups.o(i.prvTestWaitCondition), (20 bytes).
    Removing event_groups.o(i.vEventGroupClearBitsCallback), (4 bytes).
    Removing event_groups.o(i.vEventGroupDelete), (124 bytes).
    Removing event_groups.o(i.vEventGroupSetBitsCallback), (4 bytes).
    Removing event_groups.o(i.xEventGroupClearBits), (108 bytes).
    Removing event_groups.o(i.xEventGroupCreate), (26 bytes).
    Removing event_groups.o(i.xEventGroupGetBitsFromISR), (26 bytes).
    Removing event_groups.o(i.xEventGroupSetBits), (184 bytes).
    Removing event_groups.o(i.xEventGroupSync), (232 bytes).
    Removing event_groups.o(i.xEventGroupWaitBits), (296 bytes).
    Removing list.o(.rev16_text), (4 bytes).
    Removing list.o(.revsh_text), (4 bytes).
    Removing list.o(.rrx_text), (6 bytes).
    Removing queue.o(.rev16_text), (4 bytes).
    Removing queue.o(.revsh_text), (4 bytes).
    Removing queue.o(.rrx_text), (6 bytes).
    Removing queue.o(i.pcQueueGetName), (40 bytes).
    Removing queue.o(i.prvCopyDataToQueue), (90 bytes).
    Removing queue.o(i.uxQueueMessagesWaiting), (76 bytes).
    Removing queue.o(i.uxQueueMessagesWaitingFromISR), (68 bytes).
    Removing queue.o(i.uxQueueSpacesAvailable), (80 bytes).
    Removing queue.o(i.vQueueAddToRegistry), (36 bytes).
    Removing queue.o(i.vQueueDelete), (80 bytes).
    Removing queue.o(i.vQueueUnregisterQueue), (40 bytes).
    Removing queue.o(i.xQueueGenericSend), (380 bytes).
    Removing queue.o(i.xQueueGenericSendFromISR), (220 bytes).
    Removing queue.o(i.xQueueIsQueueEmptyFromISR), (76 bytes).
    Removing queue.o(i.xQueueIsQueueFullFromISR), (80 bytes).
    Removing queue.o(i.xQueuePeekFromISR), (148 bytes).
    Removing queue.o(i.xQueueReceiveFromISR), (188 bytes).
    Removing queue.o(.bss), (80 bytes).
    Removing tasks.o(.rev16_text), (4 bytes).
    Removing tasks.o(.revsh_text), (4 bytes).
    Removing tasks.o(.rrx_text), (6 bytes).
    Removing tasks.o(i.eTaskGetState), (144 bytes).
    Removing tasks.o(i.pcTaskGetName), (84 bytes).
    Removing tasks.o(i.prvTaskIsTaskSuspended), (92 bytes).
    Removing tasks.o(i.ulTaskNotifyTake), (104 bytes).
    Removing tasks.o(i.uxTaskGetNumberOfTasks), (12 bytes).
    Removing tasks.o(i.uxTaskPriorityGet), (28 bytes).
    Removing tasks.o(i.uxTaskPriorityGetFromISR), (44 bytes).
    Removing tasks.o(i.uxTaskResetEventItemValue), (24 bytes).
    Removing tasks.o(i.vTaskDelayUntil), (180 bytes).
    Removing tasks.o(i.vTaskEndScheduler), (28 bytes).
    Removing tasks.o(i.vTaskNotifyGiveFromISR), (220 bytes).
    Removing tasks.o(i.vTaskPlaceOnUnorderedEventList), (120 bytes).
    Removing tasks.o(i.vTaskPrioritySet), (228 bytes).
    Removing tasks.o(i.vTaskResume), (168 bytes).
    Removing tasks.o(i.vTaskSuspend), (216 bytes).
    Removing tasks.o(i.xTaskGenericNotify), (240 bytes).
    Removing tasks.o(i.xTaskGenericNotifyFromISR), (276 bytes).
    Removing tasks.o(i.xTaskGetTickCount), (12 bytes).
    Removing tasks.o(i.xTaskGetTickCountFromISR), (16 bytes).
    Removing tasks.o(i.xTaskNotifyStateClear), (48 bytes).
    Removing tasks.o(i.xTaskNotifyWait), (140 bytes).
    Removing tasks.o(i.xTaskRemoveFromUnorderedEventList), (160 bytes).
    Removing tasks.o(i.xTaskResumeFromISR), (180 bytes).
    Removing timers.o(.rev16_text), (4 bytes).
    Removing timers.o(.revsh_text), (4 bytes).
    Removing timers.o(.rrx_text), (6 bytes).
    Removing heap_4.o(.rev16_text), (4 bytes).
    Removing heap_4.o(.revsh_text), (4 bytes).
    Removing heap_4.o(.rrx_text), (6 bytes).
    Removing heap_4.o(i.vPortInitialiseBlocks), (2 bytes).
    Removing heap_4.o(i.xPortGetFreeHeapSize), (12 bytes).
    Removing heap_4.o(i.xPortGetMinimumEverFreeHeapSize), (12 bytes).
    Removing port.o(.rev16_text), (4 bytes).
    Removing port.o(.revsh_text), (4 bytes).
    Removing port.o(.rrx_text), (6 bytes).
    Removing port.o(i.vPortEndScheduler), (88 bytes).
    Removing dadd.o(.text), (334 bytes).
    Removing dmul.o(.text), (228 bytes).
    Removing ddiv.o(.text), (222 bytes).
    Removing dfixul.o(.text), (48 bytes).
    Removing cdrcmple.o(.text), (48 bytes).
    Removing depilogue.o(.text), (186 bytes).

858 unused section(s) (total 33204 bytes) removed from the image.

==============================================================================

Image Symbol Table

    Local Symbols

    Symbol Name                              Value     Ov Type        Size  Object(Section)

    ../clib/microlib/division.c              0x00000000   Number         0  uldiv.o ABSOLUTE
    ../clib/microlib/division.c              0x00000000   Number         0  uidiv.o ABSOLUTE
    ../clib/microlib/init/entry.s            0x00000000   Number         0  entry10b.o ABSOLUTE
    ../clib/microlib/init/entry.s            0x00000000   Number         0  entry9a.o ABSOLUTE
    ../clib/microlib/init/entry.s            0x00000000   Number         0  entry5.o ABSOLUTE
    ../clib/microlib/init/entry.s            0x00000000   Number         0  entry7a.o ABSOLUTE
    ../clib/microlib/init/entry.s            0x00000000   Number         0  entry7b.o ABSOLUTE
    ../clib/microlib/init/entry.s            0x00000000   Number         0  entry11a.o ABSOLUTE
    ../clib/microlib/init/entry.s            0x00000000   Number         0  entry8a.o ABSOLUTE
    ../clib/microlib/init/entry.s            0x00000000   Number         0  entry2.o ABSOLUTE
    ../clib/microlib/init/entry.s            0x00000000   Number         0  entry.o ABSOLUTE
    ../clib/microlib/init/entry.s            0x00000000   Number         0  entry8b.o ABSOLUTE
    ../clib/microlib/init/entry.s            0x00000000   Number         0  entry9b.o ABSOLUTE
    ../clib/microlib/init/entry.s            0x00000000   Number         0  entry11b.o ABSOLUTE
    ../clib/microlib/init/entry.s            0x00000000   Number         0  entry10a.o ABSOLUTE
    ../clib/microlib/longlong.c              0x00000000   Number         0  llushr.o ABSOLUTE
    ../clib/microlib/longlong.c              0x00000000   Number         0  llshl.o ABSOLUTE
    ../clib/microlib/longlong.c              0x00000000   Number         0  llsshr.o ABSOLUTE
    ../clib/microlib/malloc/malloc.c         0x00000000   Number         0  mallocra.o ABSOLUTE
    ../clib/microlib/malloc/malloc.c         0x00000000   Number         0  malloc.o ABSOLUTE
    ../clib/microlib/malloc/malloc.c         0x00000000   Number         0  malloca.o ABSOLUTE
    ../clib/microlib/malloc/malloc.c         0x00000000   Number         0  mallocr.o ABSOLUTE
    ../clib/microlib/malloc/mvars.c          0x00000000   Number         0  mvars.o ABSOLUTE
    ../clib/microlib/printf/printf.c         0x00000000   Number         0  printf4.o ABSOLUTE
    ../clib/microlib/printf/printf.c         0x00000000   Number         0  printf5.o ABSOLUTE
    ../clib/microlib/printf/printf.c         0x00000000   Number         0  printf6.o ABSOLUTE
    ../clib/microlib/printf/printf.c         0x00000000   Number         0  printf7.o ABSOLUTE
    ../clib/microlib/printf/printf.c         0x00000000   Number         0  printf8.o ABSOLUTE
    ../clib/microlib/printf/printf.c         0x00000000   Number         0  printfa.o ABSOLUTE
    ../clib/microlib/printf/printf.c         0x00000000   Number         0  printf0.o ABSOLUTE
    ../clib/microlib/printf/printf.c         0x00000000   Number         0  printf2.o ABSOLUTE
    ../clib/microlib/printf/printf.c         0x00000000   Number         0  printf3.o ABSOLUTE
    ../clib/microlib/printf/printf.c         0x00000000   Number         0  printfb.o ABSOLUTE
    ../clib/microlib/printf/printf.c         0x00000000   Number         0  printf1.o ABSOLUTE
    ../clib/microlib/printf/stubs.s          0x00000000   Number         0  stubs.o ABSOLUTE
    ../clib/microlib/stdio/streams.c         0x00000000   Number         0  stdout.o ABSOLUTE
    ../clib/microlib/string/memcpy.c         0x00000000   Number         0  memcpya.o ABSOLUTE
    ../clib/microlib/string/memcpy.c         0x00000000   Number         0  memcpyb.o ABSOLUTE
    ../clib/microlib/string/strcpy.c         0x00000000   Number         0  strcpy.o ABSOLUTE
    ../clib/microlib/stubs.s                 0x00000000   Number         0  iusefp.o ABSOLUTE
    ../clib/microlib/time/localtime.c        0x00000000   Number         0  localtime_i.o ABSOLUTE
    ../clib/microlib/time/localtime.c        0x00000000   Number         0  localtime_w.o ABSOLUTE
    ../clib/microlib/time/mktime.c           0x00000000   Number         0  mktime.o ABSOLUTE
    ../fplib/microlib/fpadd.c                0x00000000   Number         0  dadd.o ABSOLUTE
    ../fplib/microlib/fpdiv.c                0x00000000   Number         0  ddiv.o ABSOLUTE
    ../fplib/microlib/fpepilogue.c           0x00000000   Number         0  depilogue.o ABSOLUTE
    ../fplib/microlib/fpfix.c                0x00000000   Number         0  dfixul.o ABSOLUTE
    ../fplib/microlib/fpmul.c                0x00000000   Number         0  dmul.o ABSOLUTE
    ..\..\FreeRTOS\port\MemMang\heap_4.c     0x00000000   Number         0  heap_4.o ABSOLUTE
    ..\..\FreeRTOS\port\RVDS\ARM_CM4F\port.c 0x00000000   Number         0  port.o ABSOLUTE
    ..\..\FreeRTOS\src\croutine.c            0x00000000   Number         0  croutine.o ABSOLUTE
    ..\..\FreeRTOS\src\event_groups.c        0x00000000   Number         0  event_groups.o ABSOLUTE
    ..\..\FreeRTOS\src\list.c                0x00000000   Number         0  list.o ABSOLUTE
    ..\..\FreeRTOS\src\queue.c               0x00000000   Number         0  queue.o ABSOLUTE
    ..\..\FreeRTOS\src\tasks.c               0x00000000   Number         0  tasks.o ABSOLUTE
    ..\..\FreeRTOS\src\timers.c              0x00000000   Number         0  timers.o ABSOLUTE
    ..\..\Libraries\CMSIS\Device\ST\STM32F4xx\Source\Templates\arm\startup_stm32f40xx.s 0x00000000   Number         0  startup_stm32f40xx.o ABSOLUTE
    ..\..\Libraries\CMSIS\Device\ST\STM32F4xx\Source\Templates\system_stm32f4xx.c 0x00000000   Number         0  system_stm32f4xx.o ABSOLUTE
    ..\..\Libraries\STM32F4xx_StdPeriph_Driver\src\misc.c 0x00000000   Number         0  misc.o ABSOLUTE
    ..\..\Libraries\STM32F4xx_StdPeriph_Driver\src\stm32f4xx_adc.c 0x00000000   Number         0  stm32f4xx_adc.o ABSOLUTE
    ..\..\Libraries\STM32F4xx_StdPeriph_Driver\src\stm32f4xx_can.c 0x00000000   Number         0  stm32f4xx_can.o ABSOLUTE
    ..\..\Libraries\STM32F4xx_StdPeriph_Driver\src\stm32f4xx_cec.c 0x00000000   Number         0  stm32f4xx_cec.o ABSOLUTE
    ..\..\Libraries\STM32F4xx_StdPeriph_Driver\src\stm32f4xx_crc.c 0x00000000   Number         0  stm32f4xx_crc.o ABSOLUTE
    ..\..\Libraries\STM32F4xx_StdPeriph_Driver\src\stm32f4xx_cryp.c 0x00000000   Number         0  stm32f4xx_cryp.o ABSOLUTE
    ..\..\Libraries\STM32F4xx_StdPeriph_Driver\src\stm32f4xx_cryp_aes.c 0x00000000   Number         0  stm32f4xx_cryp_aes.o ABSOLUTE
    ..\..\Libraries\STM32F4xx_StdPeriph_Driver\src\stm32f4xx_cryp_des.c 0x00000000   Number         0  stm32f4xx_cryp_des.o ABSOLUTE
    ..\..\Libraries\STM32F4xx_StdPeriph_Driver\src\stm32f4xx_cryp_tdes.c 0x00000000   Number         0  stm32f4xx_cryp_tdes.o ABSOLUTE
    ..\..\Libraries\STM32F4xx_StdPeriph_Driver\src\stm32f4xx_dac.c 0x00000000   Number         0  stm32f4xx_dac.o ABSOLUTE
    ..\..\Libraries\STM32F4xx_StdPeriph_Driver\src\stm32f4xx_dbgmcu.c 0x00000000   Number         0  stm32f4xx_dbgmcu.o ABSOLUTE
    ..\..\Libraries\STM32F4xx_StdPeriph_Driver\src\stm32f4xx_dcmi.c 0x00000000   Number         0  stm32f4xx_dcmi.o ABSOLUTE
    ..\..\Libraries\STM32F4xx_StdPeriph_Driver\src\stm32f4xx_dma.c 0x00000000   Number         0  stm32f4xx_dma.o ABSOLUTE
    ..\..\Libraries\STM32F4xx_StdPeriph_Driver\src\stm32f4xx_exti.c 0x00000000   Number         0  stm32f4xx_exti.o ABSOLUTE
    ..\..\Libraries\STM32F4xx_StdPeriph_Driver\src\stm32f4xx_flash.c 0x00000000   Number         0  stm32f4xx_flash.o ABSOLUTE
    ..\..\Libraries\STM32F4xx_StdPeriph_Driver\src\stm32f4xx_flash_ramfunc.c 0x00000000   Number         0  stm32f4xx_flash_ramfunc.o ABSOLUTE
    ..\..\Libraries\STM32F4xx_StdPeriph_Driver\src\stm32f4xx_fmpi2c.c 0x00000000   Number         0  stm32f4xx_fmpi2c.o ABSOLUTE
    ..\..\Libraries\STM32F4xx_StdPeriph_Driver\src\stm32f4xx_fsmc.c 0x00000000   Number         0  stm32f4xx_fsmc.o ABSOLUTE
    ..\..\Libraries\STM32F4xx_StdPeriph_Driver\src\stm32f4xx_gpio.c 0x00000000   Number         0  stm32f4xx_gpio.o ABSOLUTE
    ..\..\Libraries\STM32F4xx_StdPeriph_Driver\src\stm32f4xx_hash.c 0x00000000   Number         0  stm32f4xx_hash.o ABSOLUTE
    ..\..\Libraries\STM32F4xx_StdPeriph_Driver\src\stm32f4xx_hash_md5.c 0x00000000   Number         0  stm32f4xx_hash_md5.o ABSOLUTE
    ..\..\Libraries\STM32F4xx_StdPeriph_Driver\src\stm32f4xx_hash_sha1.c 0x00000000   Number         0  stm32f4xx_hash_sha1.o ABSOLUTE
    ..\..\Libraries\STM32F4xx_StdPeriph_Driver\src\stm32f4xx_i2c.c 0x00000000   Number         0  stm32f4xx_i2c.o ABSOLUTE
    ..\..\Libraries\STM32F4xx_StdPeriph_Driver\src\stm32f4xx_iwdg.c 0x00000000   Number         0  stm32f4xx_iwdg.o ABSOLUTE
    ..\..\Libraries\STM32F4xx_StdPeriph_Driver\src\stm32f4xx_pwr.c 0x00000000   Number         0  stm32f4xx_pwr.o ABSOLUTE
    ..\..\Libraries\STM32F4xx_StdPeriph_Driver\src\stm32f4xx_qspi.c 0x00000000   Number         0  stm32f4xx_qspi.o ABSOLUTE
    ..\..\Libraries\STM32F4xx_StdPeriph_Driver\src\stm32f4xx_rcc.c 0x00000000   Number         0  stm32f4xx_rcc.o ABSOLUTE
    ..\..\Libraries\STM32F4xx_StdPeriph_Driver\src\stm32f4xx_rng.c 0x00000000   Number         0  stm32f4xx_rng.o ABSOLUTE
    ..\..\Libraries\STM32F4xx_StdPeriph_Driver\src\stm32f4xx_rtc.c 0x00000000   Number         0  stm32f4xx_rtc.o ABSOLUTE
    ..\..\Libraries\STM32F4xx_StdPeriph_Driver\src\stm32f4xx_sai.c 0x00000000   Number         0  stm32f4xx_sai.o ABSOLUTE
    ..\..\Libraries\STM32F4xx_StdPeriph_Driver\src\stm32f4xx_sdio.c 0x00000000   Number         0  stm32f4xx_sdio.o ABSOLUTE
    ..\..\Libraries\STM32F4xx_StdPeriph_Driver\src\stm32f4xx_spdifrx.c 0x00000000   Number         0  stm32f4xx_spdifrx.o ABSOLUTE
    ..\..\Libraries\STM32F4xx_StdPeriph_Driver\src\stm32f4xx_spi.c 0x00000000   Number         0  stm32f4xx_spi.o ABSOLUTE
    ..\..\Libraries\STM32F4xx_StdPeriph_Driver\src\stm32f4xx_syscfg.c 0x00000000   Number         0  stm32f4xx_syscfg.o ABSOLUTE
    ..\..\Libraries\STM32F4xx_StdPeriph_Driver\src\stm32f4xx_tim.c 0x00000000   Number         0  stm32f4xx_tim.o ABSOLUTE
    ..\..\Libraries\STM32F4xx_StdPeriph_Driver\src\stm32f4xx_usart.c 0x00000000   Number         0  stm32f4xx_usart.o ABSOLUTE
    ..\..\Libraries\STM32F4xx_StdPeriph_Driver\src\stm32f4xx_wwdg.c 0x00000000   Number         0  stm32f4xx_wwdg.o ABSOLUTE
    ..\..\User\485\bsp_485.c                 0x00000000   Number         0  bsp_485.o ABSOLUTE
    ..\..\User\can\bsp_can.c                 0x00000000   Number         0  bsp_can.o ABSOLUTE
    ..\..\User\key\bsp_key.c                 0x00000000   Number         0  bsp_key.o ABSOLUTE
    ..\..\User\led\bsp_led.c                 0x00000000   Number         0  bsp_led.o ABSOLUTE
    ..\..\User\main.c                        0x00000000   Number         0  main.o ABSOLUTE
    ..\..\User\pbdata\bsp_pbdata.c           0x00000000   Number         0  bsp_pbdata.o ABSOLUTE
    ..\..\User\stm32f4xx_it.c                0x00000000   Number         0  stm32f4xx_it.o ABSOLUTE
    ..\..\User\uart\bsp_debug_usart.c        0x00000000   Number         0  bsp_debug_usart.o ABSOLUTE
    ..\\..\\FreeRTOS\\port\\MemMang\\heap_4.c 0x00000000   Number         0  heap_4.o ABSOLUTE
    ..\\..\\FreeRTOS\\port\\RVDS\\ARM_CM4F\\port.c 0x00000000   Number         0  port.o ABSOLUTE
    ..\\..\\FreeRTOS\\src\\croutine.c        0x00000000   Number         0  croutine.o ABSOLUTE
    ..\\..\\FreeRTOS\\src\\event_groups.c    0x00000000   Number         0  event_groups.o ABSOLUTE
    ..\\..\\FreeRTOS\\src\\list.c            0x00000000   Number         0  list.o ABSOLUTE
    ..\\..\\FreeRTOS\\src\\queue.c           0x00000000   Number         0  queue.o ABSOLUTE
    ..\\..\\FreeRTOS\\src\\tasks.c           0x00000000   Number         0  tasks.o ABSOLUTE
    ..\\..\\FreeRTOS\\src\\timers.c          0x00000000   Number         0  timers.o ABSOLUTE
    ..\\..\\Libraries\\CMSIS\\Device\\ST\\STM32F4xx\\Source\\Templates\\system_stm32f4xx.c 0x00000000   Number         0  system_stm32f4xx.o ABSOLUTE
    ..\\..\\Libraries\\STM32F4xx_StdPeriph_Driver\\src\\misc.c 0x00000000   Number         0  misc.o ABSOLUTE
    ..\\..\\Libraries\\STM32F4xx_StdPeriph_Driver\\src\\stm32f4xx_adc.c 0x00000000   Number         0  stm32f4xx_adc.o ABSOLUTE
    ..\\..\\Libraries\\STM32F4xx_StdPeriph_Driver\\src\\stm32f4xx_can.c 0x00000000   Number         0  stm32f4xx_can.o ABSOLUTE
    ..\\..\\Libraries\\STM32F4xx_StdPeriph_Driver\\src\\stm32f4xx_cec.c 0x00000000   Number         0  stm32f4xx_cec.o ABSOLUTE
    ..\\..\\Libraries\\STM32F4xx_StdPeriph_Driver\\src\\stm32f4xx_crc.c 0x00000000   Number         0  stm32f4xx_crc.o ABSOLUTE
    ..\\..\\Libraries\\STM32F4xx_StdPeriph_Driver\\src\\stm32f4xx_cryp.c 0x00000000   Number         0  stm32f4xx_cryp.o ABSOLUTE
    ..\\..\\Libraries\\STM32F4xx_StdPeriph_Driver\\src\\stm32f4xx_cryp_aes.c 0x00000000   Number         0  stm32f4xx_cryp_aes.o ABSOLUTE
    ..\\..\\Libraries\\STM32F4xx_StdPeriph_Driver\\src\\stm32f4xx_cryp_des.c 0x00000000   Number         0  stm32f4xx_cryp_des.o ABSOLUTE
    ..\\..\\Libraries\\STM32F4xx_StdPeriph_Driver\\src\\stm32f4xx_cryp_tdes.c 0x00000000   Number         0  stm32f4xx_cryp_tdes.o ABSOLUTE
    ..\\..\\Libraries\\STM32F4xx_StdPeriph_Driver\\src\\stm32f4xx_dac.c 0x00000000   Number         0  stm32f4xx_dac.o ABSOLUTE
    ..\\..\\Libraries\\STM32F4xx_StdPeriph_Driver\\src\\stm32f4xx_dbgmcu.c 0x00000000   Number         0  stm32f4xx_dbgmcu.o ABSOLUTE
    ..\\..\\Libraries\\STM32F4xx_StdPeriph_Driver\\src\\stm32f4xx_dcmi.c 0x00000000   Number         0  stm32f4xx_dcmi.o ABSOLUTE
    ..\\..\\Libraries\\STM32F4xx_StdPeriph_Driver\\src\\stm32f4xx_dma.c 0x00000000   Number         0  stm32f4xx_dma.o ABSOLUTE
    ..\\..\\Libraries\\STM32F4xx_StdPeriph_Driver\\src\\stm32f4xx_exti.c 0x00000000   Number         0  stm32f4xx_exti.o ABSOLUTE
    ..\\..\\Libraries\\STM32F4xx_StdPeriph_Driver\\src\\stm32f4xx_flash.c 0x00000000   Number         0  stm32f4xx_flash.o ABSOLUTE
    ..\\..\\Libraries\\STM32F4xx_StdPeriph_Driver\\src\\stm32f4xx_flash_ramfunc.c 0x00000000   Number         0  stm32f4xx_flash_ramfunc.o ABSOLUTE
    ..\\..\\Libraries\\STM32F4xx_StdPeriph_Driver\\src\\stm32f4xx_fmpi2c.c 0x00000000   Number         0  stm32f4xx_fmpi2c.o ABSOLUTE
    ..\\..\\Libraries\\STM32F4xx_StdPeriph_Driver\\src\\stm32f4xx_fsmc.c 0x00000000   Number         0  stm32f4xx_fsmc.o ABSOLUTE
    ..\\..\\Libraries\\STM32F4xx_StdPeriph_Driver\\src\\stm32f4xx_gpio.c 0x00000000   Number         0  stm32f4xx_gpio.o ABSOLUTE
    ..\\..\\Libraries\\STM32F4xx_StdPeriph_Driver\\src\\stm32f4xx_hash.c 0x00000000   Number         0  stm32f4xx_hash.o ABSOLUTE
    ..\\..\\Libraries\\STM32F4xx_StdPeriph_Driver\\src\\stm32f4xx_hash_md5.c 0x00000000   Number         0  stm32f4xx_hash_md5.o ABSOLUTE
    ..\\..\\Libraries\\STM32F4xx_StdPeriph_Driver\\src\\stm32f4xx_hash_sha1.c 0x00000000   Number         0  stm32f4xx_hash_sha1.o ABSOLUTE
    ..\\..\\Libraries\\STM32F4xx_StdPeriph_Driver\\src\\stm32f4xx_i2c.c 0x00000000   Number         0  stm32f4xx_i2c.o ABSOLUTE
    ..\\..\\Libraries\\STM32F4xx_StdPeriph_Driver\\src\\stm32f4xx_iwdg.c 0x00000000   Number         0  stm32f4xx_iwdg.o ABSOLUTE
    ..\\..\\Libraries\\STM32F4xx_StdPeriph_Driver\\src\\stm32f4xx_pwr.c 0x00000000   Number         0  stm32f4xx_pwr.o ABSOLUTE
    ..\\..\\Libraries\\STM32F4xx_StdPeriph_Driver\\src\\stm32f4xx_qspi.c 0x00000000   Number         0  stm32f4xx_qspi.o ABSOLUTE
    ..\\..\\Libraries\\STM32F4xx_StdPeriph_Driver\\src\\stm32f4xx_rcc.c 0x00000000   Number         0  stm32f4xx_rcc.o ABSOLUTE
    ..\\..\\Libraries\\STM32F4xx_StdPeriph_Driver\\src\\stm32f4xx_rng.c 0x00000000   Number         0  stm32f4xx_rng.o ABSOLUTE
    ..\\..\\Libraries\\STM32F4xx_StdPeriph_Driver\\src\\stm32f4xx_rtc.c 0x00000000   Number         0  stm32f4xx_rtc.o ABSOLUTE
    ..\\..\\Libraries\\STM32F4xx_StdPeriph_Driver\\src\\stm32f4xx_sai.c 0x00000000   Number         0  stm32f4xx_sai.o ABSOLUTE
    ..\\..\\Libraries\\STM32F4xx_StdPeriph_Driver\\src\\stm32f4xx_sdio.c 0x00000000   Number         0  stm32f4xx_sdio.o ABSOLUTE
    ..\\..\\Libraries\\STM32F4xx_StdPeriph_Driver\\src\\stm32f4xx_spdifrx.c 0x00000000   Number         0  stm32f4xx_spdifrx.o ABSOLUTE
    ..\\..\\Libraries\\STM32F4xx_StdPeriph_Driver\\src\\stm32f4xx_spi.c 0x00000000   Number         0  stm32f4xx_spi.o ABSOLUTE
    ..\\..\\Libraries\\STM32F4xx_StdPeriph_Driver\\src\\stm32f4xx_syscfg.c 0x00000000   Number         0  stm32f4xx_syscfg.o ABSOLUTE
    ..\\..\\Libraries\\STM32F4xx_StdPeriph_Driver\\src\\stm32f4xx_tim.c 0x00000000   Number         0  stm32f4xx_tim.o ABSOLUTE
    ..\\..\\Libraries\\STM32F4xx_StdPeriph_Driver\\src\\stm32f4xx_usart.c 0x00000000   Number         0  stm32f4xx_usart.o ABSOLUTE
    ..\\..\\Libraries\\STM32F4xx_StdPeriph_Driver\\src\\stm32f4xx_wwdg.c 0x00000000   Number         0  stm32f4xx_wwdg.o ABSOLUTE
    ..\\..\\User\\485\\bsp_485.c             0x00000000   Number         0  bsp_485.o ABSOLUTE
    ..\\..\\User\\can\\bsp_can.c             0x00000000   Number         0  bsp_can.o ABSOLUTE
    ..\\..\\User\\key\\bsp_key.c             0x00000000   Number         0  bsp_key.o ABSOLUTE
    ..\\..\\User\\led\\bsp_led.c             0x00000000   Number         0  bsp_led.o ABSOLUTE
    ..\\..\\User\\main.c                     0x00000000   Number         0  main.o ABSOLUTE
    ..\\..\\User\\pbdata\\bsp_pbdata.c       0x00000000   Number         0  bsp_pbdata.o ABSOLUTE
    ..\\..\\User\\stm32f4xx_it.c             0x00000000   Number         0  stm32f4xx_it.o ABSOLUTE
    ..\\..\\User\\uart\\bsp_debug_usart.c    0x00000000   Number         0  bsp_debug_usart.o ABSOLUTE
    cdrcmple.s                               0x00000000   Number         0  cdrcmple.o ABSOLUTE
    dc.s                                     0x00000000   Number         0  dc.o ABSOLUTE
    handlers.s                               0x00000000   Number         0  handlers.o ABSOLUTE
    init.s                                   0x00000000   Number         0  init.o ABSOLUTE
    RESET                                    0x08000000   Section      392  startup_stm32f40xx.o(RESET)
    .ARM.Collect$$$$00000000                 0x08000188   Section        0  entry.o(.ARM.Collect$$$$00000000)
    .ARM.Collect$$$$00000001                 0x08000188   Section        4  entry2.o(.ARM.Collect$$$$00000001)
    .ARM.Collect$$$$00000004                 0x0800018c   Section        4  entry5.o(.ARM.Collect$$$$00000004)
    .ARM.Collect$$$$00000008                 0x08000190   Section        0  entry7b.o(.ARM.Collect$$$$00000008)
    .ARM.Collect$$$$0000000A                 0x08000190   Section        0  entry8b.o(.ARM.Collect$$$$0000000A)
    .ARM.Collect$$$$0000000B                 0x08000190   Section        8  entry9a.o(.ARM.Collect$$$$0000000B)
    .ARM.Collect$$$$0000000D                 0x08000198   Section        0  entry10a.o(.ARM.Collect$$$$0000000D)
    .ARM.Collect$$$$0000000F                 0x08000198   Section        0  entry11a.o(.ARM.Collect$$$$0000000F)
    .ARM.Collect$$$$00002712                 0x08000198   Section        4  entry2.o(.ARM.Collect$$$$00002712)
    __lit__00000000                          0x08000198   Data           4  entry2.o(.ARM.Collect$$$$00002712)
    .emb_text                                0x0800019c   Section      182  port.o(.emb_text)
    $v0                                      0x0800019c   Number         0  port.o(.emb_text)
    .text                                    0x08000254   Section       36  startup_stm32f40xx.o(.text)
    $v0                                      0x08000254   Number         0  startup_stm32f40xx.o(.text)
    .text                                    0x08000278   Section        0  memcpya.o(.text)
    .text                                    0x0800029c   Section        0  uldiv.o(.text)
    .text                                    0x08000300   Section       36  init.o(.text)
    .text                                    0x08000324   Section        0  llshl.o(.text)
    .text                                    0x08000342   Section        0  llushr.o(.text)
    i.AppTaskCreate                          0x08000364   Section        0  main.o(i.AppTaskCreate)
    AppTaskCreate                            0x08000365   Thumb Code   244  main.o(i.AppTaskCreate)
    i.BusFault_Handler                       0x080005f8   Section        0  stm32f4xx_it.o(i.BusFault_Handler)
    i.CAN1_Data_Tostatus                     0x080005fc   Section        0  bsp_pbdata.o(i.CAN1_Data_Tostatus)
    i.CAN1_Query_handle                      0x0800066c   Section        0  bsp_can.o(i.CAN1_Query_handle)
    i.CAN1_Receive_Task                      0x08000670   Section        0  main.o(i.CAN1_Receive_Task)
    CAN1_Receive_Task                        0x08000671   Thumb Code   112  main.o(i.CAN1_Receive_Task)
    i.CAN1_Set_Task                          0x08000758   Section        0  main.o(i.CAN1_Set_Task)
    CAN1_Set_Task                            0x08000759   Thumb Code    90  main.o(i.CAN1_Set_Task)
    i.CAN1_Set_handle                        0x080007e0   Section        0  bsp_can.o(i.CAN1_Set_handle)
    i.CAN2_RX0_IRQHandler                    0x08000870   Section        0  stm32f4xx_it.o(i.CAN2_RX0_IRQHandler)
    i.CAN_Config                             0x08000984   Section        0  bsp_can.o(i.CAN_Config)
    i.CAN_DeInit                             0x08000a9c   Section        0  stm32f4xx_can.o(i.CAN_DeInit)
    i.CAN_FilterInit                         0x08000ac8   Section        0  stm32f4xx_can.o(i.CAN_FilterInit)
    i.CAN_ITConfig                           0x08000b94   Section        0  stm32f4xx_can.o(i.CAN_ITConfig)
    i.CAN_Init                               0x08000ba4   Section        0  stm32f4xx_can.o(i.CAN_Init)
    i.CAN_Receive                            0x08000c8c   Section        0  stm32f4xx_can.o(i.CAN_Receive)
    i.CAN_SetMsg                             0x08000d1c   Section        0  bsp_can.o(i.CAN_SetMsg)
    i.CAN_StructInit                         0x08000da0   Section        0  stm32f4xx_can.o(i.CAN_StructInit)
    i.CAN_Transmit                           0x08000dc0   Section        0  stm32f4xx_can.o(i.CAN_Transmit)
    i.CAN_TransmitStatus                     0x08000e64   Section        0  stm32f4xx_can.o(i.CAN_TransmitStatus)
    i.Data_Integrate                         0x08000ed0   Section        0  bsp_pbdata.o(i.Data_Integrate)
    i.DebugMon_Handler                       0x08000ee6   Section        0  stm32f4xx_it.o(i.DebugMon_Handler)
    i.Debug_USART_Config                     0x08000ee8   Section        0  bsp_debug_usart.o(i.Debug_USART_Config)
    i.Delay                                  0x08000fac   Section        0  bsp_485.o(i.Delay)
    Delay                                    0x08000fad   Thumb Code    16  bsp_485.o(i.Delay)
    i.GPIO_Init                              0x08000fbc   Section        0  stm32f4xx_gpio.o(i.GPIO_Init)
    i.GPIO_PinAFConfig                       0x08001034   Section        0  stm32f4xx_gpio.o(i.GPIO_PinAFConfig)
    i.GPIO_ResetBits                         0x08001054   Section        0  stm32f4xx_gpio.o(i.GPIO_ResetBits)
    i.GPIO_SetBits                           0x08001058   Section        0  stm32f4xx_gpio.o(i.GPIO_SetBits)
    i.HardFault_Handler                      0x0800105c   Section        0  stm32f4xx_it.o(i.HardFault_Handler)
    i.Key_GPIO_Config                        0x08001060   Section        0  bsp_key.o(i.Key_GPIO_Config)
    i.LED_GPIO_Config                        0x08001098   Section        0  bsp_led.o(i.LED_GPIO_Config)
    i.MemManage_Handler                      0x080010f0   Section        0  stm32f4xx_it.o(i.MemManage_Handler)
    i.NMI_Handler                            0x080010f2   Section        0  stm32f4xx_it.o(i.NMI_Handler)
    i.NVIC_Init                              0x080010f4   Section        0  misc.o(i.NVIC_Init)
    i.NVIC_PriorityGroupConfig               0x08001158   Section        0  misc.o(i.NVIC_PriorityGroupConfig)
    i.RCC_AHB1PeriphClockCmd                 0x0800116c   Section        0  stm32f4xx_rcc.o(i.RCC_AHB1PeriphClockCmd)
    i.RCC_APB1PeriphClockCmd                 0x08001184   Section        0  stm32f4xx_rcc.o(i.RCC_APB1PeriphClockCmd)
    i.RCC_APB1PeriphResetCmd                 0x0800119c   Section        0  stm32f4xx_rcc.o(i.RCC_APB1PeriphResetCmd)
    i.RCC_APB2PeriphClockCmd                 0x080011b4   Section        0  stm32f4xx_rcc.o(i.RCC_APB2PeriphClockCmd)
    i.RCC_GetClocksFreq                      0x080011cc   Section        0  stm32f4xx_rcc.o(i.RCC_GetClocksFreq)
    i.RS485_Data_Tostatus                    0x08001260   Section        0  bsp_pbdata.o(i.RS485_Data_Tostatus)
    i.RS485_Query_Task                       0x080013d8   Section        0  main.o(i.RS485_Query_Task)
    RS485_Query_Task                         0x080013d9   Thumb Code    36  main.o(i.RS485_Query_Task)
    i.RS485_Receive_Task                     0x08001404   Section        0  main.o(i.RS485_Receive_Task)
    RS485_Receive_Task                       0x08001405   Thumb Code    96  main.o(i.RS485_Receive_Task)
    i.RS485_SetMsg                           0x080014e8   Section        0  bsp_485.o(i.RS485_SetMsg)
    i.SetSysClock                            0x080015cc   Section        0  system_stm32f4xx.o(i.SetSysClock)
    SetSysClock                              0x080015cd   Thumb Code   162  system_stm32f4xx.o(i.SetSysClock)
    i.SysTick_Handler                        0x08001680   Section        0  stm32f4xx_it.o(i.SysTick_Handler)
    i.SystemInit                             0x08001694   Section        0  system_stm32f4xx.o(i.SystemInit)
    i.USART2_IRQHandler                      0x080016f0   Section        0  stm32f4xx_it.o(i.USART2_IRQHandler)
    i.USART_ClearFlag                        0x0800182c   Section        0  stm32f4xx_usart.o(i.USART_ClearFlag)
    i.USART_ClearITPendingBit                0x08001832   Section        0  stm32f4xx_usart.o(i.USART_ClearITPendingBit)
    i.USART_Cmd                              0x0800183e   Section        0  stm32f4xx_usart.o(i.USART_Cmd)
    i.USART_GetFlagStatus                    0x08001852   Section        0  stm32f4xx_usart.o(i.USART_GetFlagStatus)
    i.USART_GetITStatus                      0x08001860   Section        0  stm32f4xx_usart.o(i.USART_GetITStatus)
    i.USART_ITConfig                         0x0800189e   Section        0  stm32f4xx_usart.o(i.USART_ITConfig)
    i.USART_Init                             0x080018d0   Section        0  stm32f4xx_usart.o(i.USART_Init)
    i.USART_ReceiveData                      0x0800197c   Section        0  stm32f4xx_usart.o(i.USART_ReceiveData)
    i.USART_SendData                         0x08001984   Section        0  stm32f4xx_usart.o(i.USART_SendData)
    i.UsageFault_Handler                     0x0800198c   Section        0  stm32f4xx_it.o(i.UsageFault_Handler)
    i._485_Config                            0x08001990   Section        0  bsp_485.o(i._485_Config)
    i._485_SendByte                          0x08001a7c   Section        0  bsp_485.o(i._485_SendByte)
    i._485_SendStr_length                    0x08001a9c   Section        0  bsp_485.o(i._485_SendStr_length)
    i._485_delay                             0x08001af4   Section        0  bsp_485.o(i._485_delay)
    _485_delay                               0x08001af5   Thumb Code    16  bsp_485.o(i._485_delay)
    i.__0printf$8                            0x08001b04   Section        0  printf8.o(i.__0printf$8)
    i.__scatterload_copy                     0x08001b24   Section       14  handlers.o(i.__scatterload_copy)
    i.__scatterload_null                     0x08001b32   Section        2  handlers.o(i.__scatterload_null)
    i.__scatterload_zeroinit                 0x08001b34   Section       14  handlers.o(i.__scatterload_zeroinit)
    i._printf_core                           0x08001b44   Section        0  printf8.o(i._printf_core)
    _printf_core                             0x08001b45   Thumb Code   996  printf8.o(i._printf_core)
    i._printf_post_padding                   0x08001f54   Section        0  printf8.o(i._printf_post_padding)
    _printf_post_padding                     0x08001f55   Thumb Code    36  printf8.o(i._printf_post_padding)
    i._printf_pre_padding                    0x08001f78   Section        0  printf8.o(i._printf_pre_padding)
    _printf_pre_padding                      0x08001f79   Thumb Code    46  printf8.o(i._printf_pre_padding)
    i.clean_rebuff                           0x08001fa8   Section        0  stm32f4xx_it.o(i.clean_rebuff)
    i.fputc                                  0x08001fc8   Section        0  bsp_debug_usart.o(i.fputc)
    i.main                                   0x08001fec   Section        0  main.o(i.main)
    i.prvAddCurrentTaskToDelayedList         0x08002084   Section        0  tasks.o(i.prvAddCurrentTaskToDelayedList)
    prvAddCurrentTaskToDelayedList           0x08002085   Thumb Code   102  tasks.o(i.prvAddCurrentTaskToDelayedList)
    i.prvAddNewTaskToReadyList               0x080020f4   Section        0  tasks.o(i.prvAddNewTaskToReadyList)
    prvAddNewTaskToReadyList                 0x080020f5   Thumb Code   190  tasks.o(i.prvAddNewTaskToReadyList)
    i.prvCheckTasksWaitingTermination        0x080021c4   Section        0  tasks.o(i.prvCheckTasksWaitingTermination)
    prvCheckTasksWaitingTermination          0x080021c5   Thumb Code    74  tasks.o(i.prvCheckTasksWaitingTermination)
    i.prvCopyDataFromQueue                   0x08002218   Section        0  queue.o(i.prvCopyDataFromQueue)
    prvCopyDataFromQueue                     0x08002219   Thumb Code    38  queue.o(i.prvCopyDataFromQueue)
    i.prvDeleteTCB                           0x0800223e   Section        0  tasks.o(i.prvDeleteTCB)
    prvDeleteTCB                             0x0800223f   Thumb Code    20  tasks.o(i.prvDeleteTCB)
    i.prvHeapInit                            0x08002254   Section        0  heap_4.o(i.prvHeapInit)
    prvHeapInit                              0x08002255   Thumb Code    66  heap_4.o(i.prvHeapInit)
    i.prvIdleTask                            0x080022a0   Section        0  tasks.o(i.prvIdleTask)
    prvIdleTask                              0x080022a1   Thumb Code    30  tasks.o(i.prvIdleTask)
    i.prvInitialiseNewTask                   0x080022c8   Section        0  tasks.o(i.prvInitialiseNewTask)
    prvInitialiseNewTask                     0x080022c9   Thumb Code   138  tasks.o(i.prvInitialiseNewTask)
    i.prvInsertBlockIntoFreeList             0x08002380   Section        0  heap_4.o(i.prvInsertBlockIntoFreeList)
    prvInsertBlockIntoFreeList               0x08002381   Thumb Code    72  heap_4.o(i.prvInsertBlockIntoFreeList)
    i.prvIsQueueEmpty                        0x080023cc   Section        0  queue.o(i.prvIsQueueEmpty)
    prvIsQueueEmpty                          0x080023cd   Thumb Code    26  queue.o(i.prvIsQueueEmpty)
    i.prvResetNextTaskUnblockTime            0x080023e8   Section        0  tasks.o(i.prvResetNextTaskUnblockTime)
    prvResetNextTaskUnblockTime              0x080023e9   Thumb Code    26  tasks.o(i.prvResetNextTaskUnblockTime)
    i.prvTaskExitError                       0x08002408   Section        0  port.o(i.prvTaskExitError)
    prvTaskExitError                         0x08002409   Thumb Code    36  port.o(i.prvTaskExitError)
    i.prvUnlockQueue                         0x0800246c   Section        0  queue.o(i.prvUnlockQueue)
    prvUnlockQueue                           0x0800246d   Thumb Code   106  queue.o(i.prvUnlockQueue)
    i.pvPortMalloc                           0x080024d8   Section        0  heap_4.o(i.pvPortMalloc)
    i.pxPortInitialiseStack                  0x080025ec   Section        0  port.o(i.pxPortInitialiseStack)
    i.uxListRemove                           0x08002618   Section        0  list.o(i.uxListRemove)
    i.vListInitialise                        0x0800263c   Section        0  list.o(i.vListInitialise)
    i.vListInitialiseItem                    0x08002652   Section        0  list.o(i.vListInitialiseItem)
    i.vListInsert                            0x08002658   Section        0  list.o(i.vListInsert)
    i.vListInsertEnd                         0x08002688   Section        0  list.o(i.vListInsertEnd)
    i.vPortEnterCritical                     0x080026a0   Section        0  port.o(i.vPortEnterCritical)
    i.vPortExitCritical                      0x08002718   Section        0  port.o(i.vPortExitCritical)
    i.vPortFree                              0x0800277c   Section        0  heap_4.o(i.vPortFree)
    i.vPortSetupTimerInterrupt               0x08002818   Section        0  port.o(i.vPortSetupTimerInterrupt)
    i.vPortValidateInterruptPriority         0x08002838   Section        0  port.o(i.vPortValidateInterruptPriority)
    i.vTaskDelay                             0x080028c4   Section        0  tasks.o(i.vTaskDelay)
    i.vTaskDelete                            0x08002938   Section        0  tasks.o(i.vTaskDelete)
    i.vTaskMissedYield                       0x08002a0c   Section        0  tasks.o(i.vTaskMissedYield)
    i.vTaskPlaceOnEventList                  0x08002a18   Section        0  tasks.o(i.vTaskPlaceOnEventList)
    i.vTaskSetTimeOutState                   0x08002a74   Section        0  tasks.o(i.vTaskSetTimeOutState)
    i.vTaskStartScheduler                    0x08002ac4   Section        0  tasks.o(i.vTaskStartScheduler)
    i.vTaskSuspendAll                        0x08002b58   Section        0  tasks.o(i.vTaskSuspendAll)
    i.vTaskSwitchContext                     0x08002b68   Section        0  tasks.o(i.vTaskSwitchContext)
    i.xPortStartScheduler                    0x08002bec   Section        0  port.o(i.xPortStartScheduler)
    i.xPortSysTickHandler                    0x08002d00   Section        0  port.o(i.xPortSysTickHandler)
    i.xQueueGenericCreate                    0x08002d2c   Section        0  queue.o(i.xQueueGenericCreate)
    i.xQueueGenericReceive                   0x08002d9c   Section        0  queue.o(i.xQueueGenericReceive)
    i.xQueueGenericReset                     0x08002f0c   Section        0  queue.o(i.xQueueGenericReset)
    i.xQueueGiveFromISR                      0x08002fbc   Section        0  queue.o(i.xQueueGiveFromISR)
    i.xTaskCheckForTimeOut                   0x08003078   Section        0  tasks.o(i.xTaskCheckForTimeOut)
    i.xTaskCreate                            0x08003108   Section        0  tasks.o(i.xTaskCreate)
    i.xTaskGetSchedulerState                 0x08003160   Section        0  tasks.o(i.xTaskGetSchedulerState)
    i.xTaskIncrementTick                     0x0800317c   Section        0  tasks.o(i.xTaskIncrementTick)
    i.xTaskRemoveFromEventList               0x0800326c   Section        0  tasks.o(i.xTaskRemoveFromEventList)
    i.xTaskResumeAll                         0x0800330c   Section        0  tasks.o(i.xTaskResumeAll)
    .data                                    0x20000000   Section       20  system_stm32f4xx.o(.data)
    .data                                    0x20000014   Section       16  stm32f4xx_rcc.o(.data)
    APBAHBPrescTable                         0x20000014   Data          16  stm32f4xx_rcc.o(.data)
    .data                                    0x20000024   Section       48  main.o(.data)
    AppTaskCreate_Handle                     0x20000024   Data           4  main.o(.data)
    CAN1_Set_Task_Handle                     0x20000028   Data           4  main.o(.data)
    CAN1_Query_Task_Handle                   0x2000002c   Data           4  main.o(.data)
    CAN1_Receive_Task_Handle                 0x20000030   Data           4  main.o(.data)
    RS485_Query_Task_Handle                  0x20000034   Data           4  main.o(.data)
    RS485_Receive_Task_Handle                0x20000038   Data           4  main.o(.data)
    .data                                    0x20000054   Section        4  stm32f4xx_it.o(.data)
    i                                        0x20000054   Data           1  stm32f4xx_it.o(.data)
    j                                        0x20000055   Data           1  stm32f4xx_it.o(.data)
    .data                                    0x20000058   Section       60  tasks.o(.data)
    uxDeletedTasksWaitingCleanUp             0x2000005c   Data           4  tasks.o(.data)
    uxCurrentNumberOfTasks                   0x20000060   Data           4  tasks.o(.data)
    xTickCount                               0x20000064   Data           4  tasks.o(.data)
    uxTopReadyPriority                       0x20000068   Data           4  tasks.o(.data)
    xSchedulerRunning                        0x2000006c   Data           4  tasks.o(.data)
    uxPendedTicks                            0x20000070   Data           4  tasks.o(.data)
    xYieldPending                            0x20000074   Data           4  tasks.o(.data)
    xNumOfOverflows                          0x20000078   Data           4  tasks.o(.data)
    uxTaskNumber                             0x2000007c   Data           4  tasks.o(.data)
    xNextTaskUnblockTime                     0x20000080   Data           4  tasks.o(.data)
    xIdleTaskHandle                          0x20000084   Data           4  tasks.o(.data)
    uxSchedulerSuspended                     0x20000088   Data           4  tasks.o(.data)
    pxDelayedTaskList                        0x2000008c   Data           4  tasks.o(.data)
    pxOverflowDelayedTaskList                0x20000090   Data           4  tasks.o(.data)
    .data                                    0x20000094   Section       24  heap_4.o(.data)
    pxEnd                                    0x20000094   Data           4  heap_4.o(.data)
    xFreeBytesRemaining                      0x20000098   Data           4  heap_4.o(.data)
    xMinimumEverFreeBytesRemaining           0x2000009c   Data           4  heap_4.o(.data)
    xBlockAllocatedBit                       0x200000a0   Data           4  heap_4.o(.data)
    xStart                                   0x200000a4   Data           8  heap_4.o(.data)
    .data                                    0x200000ac   Section       12  port.o(.data)
    ucMaxSysCallPriority                     0x200000ac   Data           1  port.o(.data)
    uxCriticalNesting                        0x200000b0   Data           4  port.o(.data)
    ulMaxPRIGROUPValue                       0x200000b4   Data           4  port.o(.data)
    .data                                    0x200000b8   Section        4  stdout.o(.data)
    .bss                                     0x200000bc   Section      338  main.o(.bss)
    .bss                                     0x20000210   Section       20  main.o(.bss)
    .bss                                     0x20000224   Section     1024  stm32f4xx_it.o(.bss)
    .bss                                     0x20000624   Section      132  bsp_pbdata.o(.bss)
    .bss                                     0x200006a8   Section      740  tasks.o(.bss)
    pxReadyTasksLists                        0x200006a8   Data         640  tasks.o(.bss)
    xDelayedTaskList1                        0x20000928   Data          20  tasks.o(.bss)
    xDelayedTaskList2                        0x2000093c   Data          20  tasks.o(.bss)
    xPendingReadyList                        0x20000950   Data          20  tasks.o(.bss)
    xTasksWaitingTermination                 0x20000964   Data          20  tasks.o(.bss)
    xSuspendedTaskList                       0x20000978   Data          20  tasks.o(.bss)
    .bss                                     0x2000098c   Section    36864  heap_4.o(.bss)
    ucHeap                                   0x2000098c   Data       36864  heap_4.o(.bss)
    STACK                                    0x20009990   Section     1024  startup_stm32f40xx.o(STACK)

    Global Symbols

    Symbol Name                              Value     Ov Type        Size  Object(Section)

    BuildAttributes$$THM_ISAv4$E$P$D$K$B$S$7EM$VFPi3$EXTD16$VFPS$VFMA$PE$A:L22UL41UL21$X:L11$S22US41US21$IEEE1$IW$USESV6$~STKCKD$USESV7$~SHL$OSPACE$ROPI$EBA8$MICROLIB$REQ8$PRES8$EABIv2 0x00000000   Number         0  anon$$obj.o ABSOLUTE
    __ARM_use_no_argv                        0x00000000   Number         0  main.o ABSOLUTE
    _printf_a                                0x00000000   Number         0  stubs.o ABSOLUTE
    _printf_c                                0x00000000   Number         0  stubs.o ABSOLUTE
    _printf_charcount                        0x00000000   Number         0  stubs.o ABSOLUTE
    _printf_d                                0x00000000   Number         0  stubs.o ABSOLUTE
    _printf_e                                0x00000000   Number         0  stubs.o ABSOLUTE
    _printf_f                                0x00000000   Number         0  stubs.o ABSOLUTE
    _printf_flags                            0x00000000   Number         0  stubs.o ABSOLUTE
    _printf_fp_dec                           0x00000000   Number         0  stubs.o ABSOLUTE
    _printf_fp_hex                           0x00000000   Number         0  stubs.o ABSOLUTE
    _printf_g                                0x00000000   Number         0  stubs.o ABSOLUTE
    _printf_i                                0x00000000   Number         0  stubs.o ABSOLUTE
    _printf_int_dec                          0x00000000   Number         0  stubs.o ABSOLUTE
    _printf_l                                0x00000000   Number         0  stubs.o ABSOLUTE
    _printf_lc                               0x00000000   Number         0  stubs.o ABSOLUTE
    _printf_ll                               0x00000000   Number         0  stubs.o ABSOLUTE
    _printf_lld                              0x00000000   Number         0  stubs.o ABSOLUTE
    _printf_lli                              0x00000000   Number         0  stubs.o ABSOLUTE
    _printf_llo                              0x00000000   Number         0  stubs.o ABSOLUTE
    _printf_llu                              0x00000000   Number         0  stubs.o ABSOLUTE
    _printf_llx                              0x00000000   Number         0  stubs.o ABSOLUTE
    _printf_longlong_dec                     0x00000000   Number         0  stubs.o ABSOLUTE
    _printf_longlong_hex                     0x00000000   Number         0  stubs.o ABSOLUTE
    _printf_longlong_oct                     0x00000000   Number         0  stubs.o ABSOLUTE
    _printf_ls                               0x00000000   Number         0  stubs.o ABSOLUTE
    _printf_mbtowc                           0x00000000   Number         0  stubs.o ABSOLUTE
    _printf_n                                0x00000000   Number         0  stubs.o ABSOLUTE
    _printf_o                                0x00000000   Number         0  stubs.o ABSOLUTE
    _printf_p                                0x00000000   Number         0  stubs.o ABSOLUTE
    _printf_percent                          0x00000000   Number         0  stubs.o ABSOLUTE
    _printf_pre_padding                      0x00000000   Number         0  stubs.o ABSOLUTE
    _printf_return_value                     0x00000000   Number         0  stubs.o ABSOLUTE
    _printf_s                                0x00000000   Number         0  stubs.o ABSOLUTE
    _printf_sizespec                         0x00000000   Number         0  stubs.o ABSOLUTE
    _printf_str                              0x00000000   Number         0  stubs.o ABSOLUTE
    _printf_truncate_signed                  0x00000000   Number         0  stubs.o ABSOLUTE
    _printf_truncate_unsigned                0x00000000   Number         0  stubs.o ABSOLUTE
    _printf_u                                0x00000000   Number         0  stubs.o ABSOLUTE
    _printf_wc                               0x00000000   Number         0  stubs.o ABSOLUTE
    _printf_wctomb                           0x00000000   Number         0  stubs.o ABSOLUTE
    _printf_widthprec                        0x00000000   Number         0  stubs.o ABSOLUTE
    _printf_x                                0x00000000   Number         0  stubs.o ABSOLUTE
    __cpp_initialize__aeabi_                  - Undefined Weak Reference
    __cxa_finalize                            - Undefined Weak Reference
    __decompress                              - Undefined Weak Reference
    _clock_init                               - Undefined Weak Reference
    _microlib_exit                            - Undefined Weak Reference
    __Vectors_Size                           0x00000188   Number         0  startup_stm32f40xx.o ABSOLUTE
    __Vectors                                0x08000000   Data           4  startup_stm32f40xx.o(RESET)
    __Vectors_End                            0x08000188   Data           0  startup_stm32f40xx.o(RESET)
    __main                                   0x08000189   Thumb Code     0  entry.o(.ARM.Collect$$$$00000000)
    _main_stk                                0x08000189   Thumb Code     0  entry2.o(.ARM.Collect$$$$00000001)
    _main_scatterload                        0x0800018d   Thumb Code     0  entry5.o(.ARM.Collect$$$$00000004)
    __main_after_scatterload                 0x08000191   Thumb Code     0  entry5.o(.ARM.Collect$$$$00000004)
    _main_clock                              0x08000191   Thumb Code     0  entry7b.o(.ARM.Collect$$$$00000008)
    _main_cpp_init                           0x08000191   Thumb Code     0  entry8b.o(.ARM.Collect$$$$0000000A)
    _main_init                               0x08000191   Thumb Code     0  entry9a.o(.ARM.Collect$$$$0000000B)
    __rt_final_cpp                           0x08000199   Thumb Code     0  entry10a.o(.ARM.Collect$$$$0000000D)
    __rt_final_exit                          0x08000199   Thumb Code     0  entry11a.o(.ARM.Collect$$$$0000000F)
    SVC_Handler                              0x0800019d   Thumb Code    28  port.o(.emb_text)
    __asm___6_port_c_39a90d8d__prvStartFirstTask 0x080001bd   Thumb Code    28  port.o(.emb_text)
    __asm___6_port_c_39a90d8d__prvEnableVFP  0x080001dd   Thumb Code    16  port.o(.emb_text)
    PendSV_Handler                           0x080001f1   Thumb Code    88  port.o(.emb_text)
    vPortGetIPSR                             0x0800024d   Thumb Code     6  port.o(.emb_text)
    Reset_Handler                            0x08000255   Thumb Code     8  startup_stm32f40xx.o(.text)
    ADC_IRQHandler                           0x0800026f   Thumb Code     0  startup_stm32f40xx.o(.text)
    CAN1_RX0_IRQHandler                      0x0800026f   Thumb Code     0  startup_stm32f40xx.o(.text)
    CAN1_RX1_IRQHandler                      0x0800026f   Thumb Code     0  startup_stm32f40xx.o(.text)
    CAN1_SCE_IRQHandler                      0x0800026f   Thumb Code     0  startup_stm32f40xx.o(.text)
    CAN1_TX_IRQHandler                       0x0800026f   Thumb Code     0  startup_stm32f40xx.o(.text)
    CAN2_RX1_IRQHandler                      0x0800026f   Thumb Code     0  startup_stm32f40xx.o(.text)
    CAN2_SCE_IRQHandler                      0x0800026f   Thumb Code     0  startup_stm32f40xx.o(.text)
    CAN2_TX_IRQHandler                       0x0800026f   Thumb Code     0  startup_stm32f40xx.o(.text)
    CRYP_IRQHandler                          0x0800026f   Thumb Code     0  startup_stm32f40xx.o(.text)
    DCMI_IRQHandler                          0x0800026f   Thumb Code     0  startup_stm32f40xx.o(.text)
    DMA1_Stream0_IRQHandler                  0x0800026f   Thumb Code     0  startup_stm32f40xx.o(.text)
    DMA1_Stream1_IRQHandler                  0x0800026f   Thumb Code     0  startup_stm32f40xx.o(.text)
    DMA1_Stream2_IRQHandler                  0x0800026f   Thumb Code     0  startup_stm32f40xx.o(.text)
    DMA1_Stream3_IRQHandler                  0x0800026f   Thumb Code     0  startup_stm32f40xx.o(.text)
    DMA1_Stream4_IRQHandler                  0x0800026f   Thumb Code     0  startup_stm32f40xx.o(.text)
    DMA1_Stream5_IRQHandler                  0x0800026f   Thumb Code     0  startup_stm32f40xx.o(.text)
    DMA1_Stream6_IRQHandler                  0x0800026f   Thumb Code     0  startup_stm32f40xx.o(.text)
    DMA1_Stream7_IRQHandler                  0x0800026f   Thumb Code     0  startup_stm32f40xx.o(.text)
    DMA2_Stream0_IRQHandler                  0x0800026f   Thumb Code     0  startup_stm32f40xx.o(.text)
    DMA2_Stream1_IRQHandler                  0x0800026f   Thumb Code     0  startup_stm32f40xx.o(.text)
    DMA2_Stream2_IRQHandler                  0x0800026f   Thumb Code     0  startup_stm32f40xx.o(.text)
    DMA2_Stream3_IRQHandler                  0x0800026f   Thumb Code     0  startup_stm32f40xx.o(.text)
    DMA2_Stream4_IRQHandler                  0x0800026f   Thumb Code     0  startup_stm32f40xx.o(.text)
    DMA2_Stream5_IRQHandler                  0x0800026f   Thumb Code     0  startup_stm32f40xx.o(.text)
    DMA2_Stream6_IRQHandler                  0x0800026f   Thumb Code     0  startup_stm32f40xx.o(.text)
    DMA2_Stream7_IRQHandler                  0x0800026f   Thumb Code     0  startup_stm32f40xx.o(.text)
    ETH_IRQHandler                           0x0800026f   Thumb Code     0  startup_stm32f40xx.o(.text)
    ETH_WKUP_IRQHandler                      0x0800026f   Thumb Code     0  startup_stm32f40xx.o(.text)
    EXTI0_IRQHandler                         0x0800026f   Thumb Code     0  startup_stm32f40xx.o(.text)
    EXTI15_10_IRQHandler                     0x0800026f   Thumb Code     0  startup_stm32f40xx.o(.text)
    EXTI1_IRQHandler                         0x0800026f   Thumb Code     0  startup_stm32f40xx.o(.text)
    EXTI2_IRQHandler                         0x0800026f   Thumb Code     0  startup_stm32f40xx.o(.text)
    EXTI3_IRQHandler                         0x0800026f   Thumb Code     0  startup_stm32f40xx.o(.text)
    EXTI4_IRQHandler                         0x0800026f   Thumb Code     0  startup_stm32f40xx.o(.text)
    EXTI9_5_IRQHandler                       0x0800026f   Thumb Code     0  startup_stm32f40xx.o(.text)
    FLASH_IRQHandler                         0x0800026f   Thumb Code     0  startup_stm32f40xx.o(.text)
    FPU_IRQHandler                           0x0800026f   Thumb Code     0  startup_stm32f40xx.o(.text)
    FSMC_IRQHandler                          0x0800026f   Thumb Code     0  startup_stm32f40xx.o(.text)
    HASH_RNG_IRQHandler                      0x0800026f   Thumb Code     0  startup_stm32f40xx.o(.text)
    I2C1_ER_IRQHandler                       0x0800026f   Thumb Code     0  startup_stm32f40xx.o(.text)
    I2C1_EV_IRQHandler                       0x0800026f   Thumb Code     0  startup_stm32f40xx.o(.text)
    I2C2_ER_IRQHandler                       0x0800026f   Thumb Code     0  startup_stm32f40xx.o(.text)
    I2C2_EV_IRQHandler                       0x0800026f   Thumb Code     0  startup_stm32f40xx.o(.text)
    I2C3_ER_IRQHandler                       0x0800026f   Thumb Code     0  startup_stm32f40xx.o(.text)
    I2C3_EV_IRQHandler                       0x0800026f   Thumb Code     0  startup_stm32f40xx.o(.text)
    OTG_FS_IRQHandler                        0x0800026f   Thumb Code     0  startup_stm32f40xx.o(.text)
    OTG_FS_WKUP_IRQHandler                   0x0800026f   Thumb Code     0  startup_stm32f40xx.o(.text)
    OTG_HS_EP1_IN_IRQHandler                 0x0800026f   Thumb Code     0  startup_stm32f40xx.o(.text)
    OTG_HS_EP1_OUT_IRQHandler                0x0800026f   Thumb Code     0  startup_stm32f40xx.o(.text)
    OTG_HS_IRQHandler                        0x0800026f   Thumb Code     0  startup_stm32f40xx.o(.text)
    OTG_HS_WKUP_IRQHandler                   0x0800026f   Thumb Code     0  startup_stm32f40xx.o(.text)
    PVD_IRQHandler                           0x0800026f   Thumb Code     0  startup_stm32f40xx.o(.text)
    RCC_IRQHandler                           0x0800026f   Thumb Code     0  startup_stm32f40xx.o(.text)
    RTC_Alarm_IRQHandler                     0x0800026f   Thumb Code     0  startup_stm32f40xx.o(.text)
    RTC_WKUP_IRQHandler                      0x0800026f   Thumb Code     0  startup_stm32f40xx.o(.text)
    SDIO_IRQHandler                          0x0800026f   Thumb Code     0  startup_stm32f40xx.o(.text)
    SPI1_IRQHandler                          0x0800026f   Thumb Code     0  startup_stm32f40xx.o(.text)
    SPI2_IRQHandler                          0x0800026f   Thumb Code     0  startup_stm32f40xx.o(.text)
    SPI3_IRQHandler                          0x0800026f   Thumb Code     0  startup_stm32f40xx.o(.text)
    TAMP_STAMP_IRQHandler                    0x0800026f   Thumb Code     0  startup_stm32f40xx.o(.text)
    TIM1_BRK_TIM9_IRQHandler                 0x0800026f   Thumb Code     0  startup_stm32f40xx.o(.text)
    TIM1_CC_IRQHandler                       0x0800026f   Thumb Code     0  startup_stm32f40xx.o(.text)
    TIM1_TRG_COM_TIM11_IRQHandler            0x0800026f   Thumb Code     0  startup_stm32f40xx.o(.text)
    TIM1_UP_TIM10_IRQHandler                 0x0800026f   Thumb Code     0  startup_stm32f40xx.o(.text)
    TIM2_IRQHandler                          0x0800026f   Thumb Code     0  startup_stm32f40xx.o(.text)
    TIM3_IRQHandler                          0x0800026f   Thumb Code     0  startup_stm32f40xx.o(.text)
    TIM4_IRQHandler                          0x0800026f   Thumb Code     0  startup_stm32f40xx.o(.text)
    TIM5_IRQHandler                          0x0800026f   Thumb Code     0  startup_stm32f40xx.o(.text)
    TIM6_DAC_IRQHandler                      0x0800026f   Thumb Code     0  startup_stm32f40xx.o(.text)
    TIM7_IRQHandler                          0x0800026f   Thumb Code     0  startup_stm32f40xx.o(.text)
    TIM8_BRK_TIM12_IRQHandler                0x0800026f   Thumb Code     0  startup_stm32f40xx.o(.text)
    TIM8_CC_IRQHandler                       0x0800026f   Thumb Code     0  startup_stm32f40xx.o(.text)
    TIM8_TRG_COM_TIM14_IRQHandler            0x0800026f   Thumb Code     0  startup_stm32f40xx.o(.text)
    TIM8_UP_TIM13_IRQHandler                 0x0800026f   Thumb Code     0  startup_stm32f40xx.o(.text)
    UART4_IRQHandler                         0x0800026f   Thumb Code     0  startup_stm32f40xx.o(.text)
    UART5_IRQHandler                         0x0800026f   Thumb Code     0  startup_stm32f40xx.o(.text)
    USART1_IRQHandler                        0x0800026f   Thumb Code     0  startup_stm32f40xx.o(.text)
    USART3_IRQHandler                        0x0800026f   Thumb Code     0  startup_stm32f40xx.o(.text)
    USART6_IRQHandler                        0x0800026f   Thumb Code     0  startup_stm32f40xx.o(.text)
    WWDG_IRQHandler                          0x0800026f   Thumb Code     0  startup_stm32f40xx.o(.text)
    __aeabi_memcpy                           0x08000279   Thumb Code    36  memcpya.o(.text)
    __aeabi_memcpy4                          0x08000279   Thumb Code     0  memcpya.o(.text)
    __aeabi_memcpy8                          0x08000279   Thumb Code     0  memcpya.o(.text)
    __aeabi_uldivmod                         0x0800029d   Thumb Code    98  uldiv.o(.text)
    __scatterload                            0x08000301   Thumb Code    28  init.o(.text)
    __scatterload_rt2                        0x08000301   Thumb Code     0  init.o(.text)
    __aeabi_llsl                             0x08000325   Thumb Code    30  llshl.o(.text)
    _ll_shift_l                              0x08000325   Thumb Code     0  llshl.o(.text)
    __aeabi_llsr                             0x08000343   Thumb Code    32  llushr.o(.text)
    _ll_ushift_r                             0x08000343   Thumb Code     0  llushr.o(.text)
    BusFault_Handler                         0x080005f9   Thumb Code     2  stm32f4xx_it.o(i.BusFault_Handler)
    CAN1_Data_Tostatus                       0x080005fd   Thumb Code    92  bsp_pbdata.o(i.CAN1_Data_Tostatus)
    CAN1_Query_handle                        0x0800066d   Thumb Code     4  bsp_can.o(i.CAN1_Query_handle)
    CAN1_Set_handle                          0x080007e1   Thumb Code    74  bsp_can.o(i.CAN1_Set_handle)
    CAN2_RX0_IRQHandler                      0x08000871   Thumb Code   206  stm32f4xx_it.o(i.CAN2_RX0_IRQHandler)
    CAN_Config                               0x08000985   Thumb Code   270  bsp_can.o(i.CAN_Config)
    CAN_DeInit                               0x08000a9d   Thumb Code    38  stm32f4xx_can.o(i.CAN_DeInit)
    CAN_FilterInit                           0x08000ac9   Thumb Code   194  stm32f4xx_can.o(i.CAN_FilterInit)
    CAN_ITConfig                             0x08000b95   Thumb Code    16  stm32f4xx_can.o(i.CAN_ITConfig)
    CAN_Init                                 0x08000ba5   Thumb Code   232  stm32f4xx_can.o(i.CAN_Init)
    CAN_Receive                              0x08000c8d   Thumb Code   142  stm32f4xx_can.o(i.CAN_Receive)
    CAN_SetMsg                               0x08000d1d   Thumb Code   116  bsp_can.o(i.CAN_SetMsg)
    CAN_StructInit                           0x08000da1   Thumb Code    32  stm32f4xx_can.o(i.CAN_StructInit)
    CAN_Transmit                             0x08000dc1   Thumb Code   164  stm32f4xx_can.o(i.CAN_Transmit)
    CAN_TransmitStatus                       0x08000e65   Thumb Code    88  stm32f4xx_can.o(i.CAN_TransmitStatus)
    Data_Integrate                           0x08000ed1   Thumb Code    22  bsp_pbdata.o(i.Data_Integrate)
    DebugMon_Handler                         0x08000ee7   Thumb Code     2  stm32f4xx_it.o(i.DebugMon_Handler)
    Debug_USART_Config                       0x08000ee9   Thumb Code   186  bsp_debug_usart.o(i.Debug_USART_Config)
    GPIO_Init                                0x08000fbd   Thumb Code   120  stm32f4xx_gpio.o(i.GPIO_Init)
    GPIO_PinAFConfig                         0x08001035   Thumb Code    32  stm32f4xx_gpio.o(i.GPIO_PinAFConfig)
    GPIO_ResetBits                           0x08001055   Thumb Code     4  stm32f4xx_gpio.o(i.GPIO_ResetBits)
    GPIO_SetBits                             0x08001059   Thumb Code     4  stm32f4xx_gpio.o(i.GPIO_SetBits)
    HardFault_Handler                        0x0800105d   Thumb Code     2  stm32f4xx_it.o(i.HardFault_Handler)
    Key_GPIO_Config                          0x08001061   Thumb Code    48  bsp_key.o(i.Key_GPIO_Config)
    LED_GPIO_Config                          0x08001099   Thumb Code    84  bsp_led.o(i.LED_GPIO_Config)
    MemManage_Handler                        0x080010f1   Thumb Code     2  stm32f4xx_it.o(i.MemManage_Handler)
    NMI_Handler                              0x080010f3   Thumb Code     2  stm32f4xx_it.o(i.NMI_Handler)
    NVIC_Init                                0x080010f5   Thumb Code    96  misc.o(i.NVIC_Init)
    NVIC_PriorityGroupConfig                 0x08001159   Thumb Code    10  misc.o(i.NVIC_PriorityGroupConfig)
    RCC_AHB1PeriphClockCmd                   0x0800116d   Thumb Code    18  stm32f4xx_rcc.o(i.RCC_AHB1PeriphClockCmd)
    RCC_APB1PeriphClockCmd                   0x08001185   Thumb Code    18  stm32f4xx_rcc.o(i.RCC_APB1PeriphClockCmd)
    RCC_APB1PeriphResetCmd                   0x0800119d   Thumb Code    18  stm32f4xx_rcc.o(i.RCC_APB1PeriphResetCmd)
    RCC_APB2PeriphClockCmd                   0x080011b5   Thumb Code    18  stm32f4xx_rcc.o(i.RCC_APB2PeriphClockCmd)
    RCC_GetClocksFreq                        0x080011cd   Thumb Code   132  stm32f4xx_rcc.o(i.RCC_GetClocksFreq)
    RS485_Data_Tostatus                      0x08001261   Thumb Code   358  bsp_pbdata.o(i.RS485_Data_Tostatus)
    RS485_SetMsg                             0x080014e9   Thumb Code   222  bsp_485.o(i.RS485_SetMsg)
    SysTick_Handler                          0x08001681   Thumb Code    20  stm32f4xx_it.o(i.SysTick_Handler)
    SystemInit                               0x08001695   Thumb Code    74  system_stm32f4xx.o(i.SystemInit)
    USART2_IRQHandler                        0x080016f1   Thumb Code   264  stm32f4xx_it.o(i.USART2_IRQHandler)
    USART_ClearFlag                          0x0800182d   Thumb Code     6  stm32f4xx_usart.o(i.USART_ClearFlag)
    USART_ClearITPendingBit                  0x08001833   Thumb Code    12  stm32f4xx_usart.o(i.USART_ClearITPendingBit)
    USART_Cmd                                0x0800183f   Thumb Code    20  stm32f4xx_usart.o(i.USART_Cmd)
    USART_GetFlagStatus                      0x08001853   Thumb Code    14  stm32f4xx_usart.o(i.USART_GetFlagStatus)
    USART_GetITStatus                        0x08001861   Thumb Code    62  stm32f4xx_usart.o(i.USART_GetITStatus)
    USART_ITConfig                           0x0800189f   Thumb Code    48  stm32f4xx_usart.o(i.USART_ITConfig)
    USART_Init                               0x080018d1   Thumb Code   164  stm32f4xx_usart.o(i.USART_Init)
    USART_ReceiveData                        0x0800197d   Thumb Code     8  stm32f4xx_usart.o(i.USART_ReceiveData)
    USART_SendData                           0x08001985   Thumb Code     8  stm32f4xx_usart.o(i.USART_SendData)
    UsageFault_Handler                       0x0800198d   Thumb Code     2  stm32f4xx_it.o(i.UsageFault_Handler)
    _485_Config                              0x08001991   Thumb Code   222  bsp_485.o(i._485_Config)
    _485_SendByte                            0x08001a7d   Thumb Code    26  bsp_485.o(i._485_SendByte)
    _485_SendStr_length                      0x08001a9d   Thumb Code    82  bsp_485.o(i._485_SendStr_length)
    __0printf$8                              0x08001b05   Thumb Code    22  printf8.o(i.__0printf$8)
    __1printf$8                              0x08001b05   Thumb Code     0  printf8.o(i.__0printf$8)
    __2printf                                0x08001b05   Thumb Code     0  printf8.o(i.__0printf$8)
    __scatterload_copy                       0x08001b25   Thumb Code    14  handlers.o(i.__scatterload_copy)
    __scatterload_null                       0x08001b33   Thumb Code     2  handlers.o(i.__scatterload_null)
    __scatterload_zeroinit                   0x08001b35   Thumb Code    14  handlers.o(i.__scatterload_zeroinit)
    clean_rebuff                             0x08001fa9   Thumb Code    24  stm32f4xx_it.o(i.clean_rebuff)
    fputc                                    0x08001fc9   Thumb Code    30  bsp_debug_usart.o(i.fputc)
    main                                     0x08001fed   Thumb Code    72  main.o(i.main)
    pvPortMalloc                             0x080024d9   Thumb Code   214  heap_4.o(i.pvPortMalloc)
    pxPortInitialiseStack                    0x080025ed   Thumb Code    40  port.o(i.pxPortInitialiseStack)
    uxListRemove                             0x08002619   Thumb Code    36  list.o(i.uxListRemove)
    vListInitialise                          0x0800263d   Thumb Code    22  list.o(i.vListInitialise)
    vListInitialiseItem                      0x08002653   Thumb Code     6  list.o(i.vListInitialiseItem)
    vListInsert                              0x08002659   Thumb Code    48  list.o(i.vListInsert)
    vListInsertEnd                           0x08002689   Thumb Code    24  list.o(i.vListInsertEnd)
    vPortEnterCritical                       0x080026a1   Thumb Code    50  port.o(i.vPortEnterCritical)
    vPortExitCritical                        0x08002719   Thumb Code    34  port.o(i.vPortExitCritical)
    vPortFree                                0x0800277d   Thumb Code    94  heap_4.o(i.vPortFree)
    vPortSetupTimerInterrupt                 0x08002819   Thumb Code    26  port.o(i.vPortSetupTimerInterrupt)
    vPortValidateInterruptPriority           0x08002839   Thumb Code    70  port.o(i.vPortValidateInterruptPriority)
    vTaskDelay                               0x080028c5   Thumb Code    62  tasks.o(i.vTaskDelay)
    vTaskDelete                              0x08002939   Thumb Code   152  tasks.o(i.vTaskDelete)
    vTaskMissedYield                         0x08002a0d   Thumb Code     8  tasks.o(i.vTaskMissedYield)
    vTaskPlaceOnEventList                    0x08002a19   Thumb Code    44  tasks.o(i.vTaskPlaceOnEventList)
    vTaskSetTimeOutState                     0x08002a75   Thumb Code    30  tasks.o(i.vTaskSetTimeOutState)
    vTaskStartScheduler                      0x08002ac5   Thumb Code    88  tasks.o(i.vTaskStartScheduler)
    vTaskSuspendAll                          0x08002b59   Thumb Code    10  tasks.o(i.vTaskSuspendAll)
    vTaskSwitchContext                       0x08002b69   Thumb Code    80  tasks.o(i.vTaskSwitchContext)
    xPortStartScheduler                      0x08002bed   Thumb Code   196  port.o(i.xPortStartScheduler)
    xPortSysTickHandler                      0x08002d01   Thumb Code    38  port.o(i.xPortSysTickHandler)
    xQueueGenericCreate                      0x08002d2d   Thumb Code    68  queue.o(i.xQueueGenericCreate)
    xQueueGenericReceive                     0x08002d9d   Thumb Code   320  queue.o(i.xQueueGenericReceive)
    xQueueGenericReset                       0x08002f0d   Thumb Code   128  queue.o(i.xQueueGenericReset)
    xQueueGiveFromISR                        0x08002fbd   Thumb Code   144  queue.o(i.xQueueGiveFromISR)
    xTaskCheckForTimeOut                     0x08003079   Thumb Code    94  tasks.o(i.xTaskCheckForTimeOut)
    xTaskCreate                              0x08003109   Thumb Code    86  tasks.o(i.xTaskCreate)
    xTaskGetSchedulerState                   0x08003161   Thumb Code    22  tasks.o(i.xTaskGetSchedulerState)
    xTaskIncrementTick                       0x0800317d   Thumb Code   188  tasks.o(i.xTaskIncrementTick)
    xTaskRemoveFromEventList                 0x0800326d   Thumb Code   102  tasks.o(i.xTaskRemoveFromEventList)
    xTaskResumeAll                           0x0800330d   Thumb Code   180  tasks.o(i.xTaskResumeAll)
    Region$$Table$$Base                      0x080033f8   Number         0  anon$$obj.o(Region$$Table)
    Region$$Table$$Limit                     0x08003418   Number         0  anon$$obj.o(Region$$Table)
    SystemCoreClock                          0x20000000   Data           4  system_stm32f4xx.o(.data)
    AHBPrescTable                            0x20000004   Data          16  system_stm32f4xx.o(.data)
    BinarySem_Handle_CAN_Set                 0x2000003c   Data           4  main.o(.data)
    BinarySem_Handle_CAN_RT                  0x20000040   Data           4  main.o(.data)
    BinarySem_Handle_485                     0x20000044   Data           4  main.o(.data)
    can1_message                             0x20000048   Data           4  main.o(.data)
    RS485_message                            0x2000004c   Data           4  main.o(.data)
    X_flag0                                  0x20000050   Data           4  main.o(.data)
    Uart_Rx_Num                              0x20000056   Data           2  stm32f4xx_it.o(.data)
    pxCurrentTCB                             0x20000058   Data           4  tasks.o(.data)
    __stdout                                 0x200000b8   Data           4  stdout.o(.data)
    TxMessage_CAN                            0x200000bc   Data          20  main.o(.bss)
    RxSetMessage_CAN                         0x200000d0   Data          60  main.o(.bss)
    RxRTMessage_CAN                          0x2000010c   Data         240  main.o(.bss)
    TxMessage_485                            0x200001fc   Data          18  main.o(.bss)
    RxMessage_CAN                            0x20000210   Data          20  main.o(.bss)
    uart_buff                                0x20000224   Data        1024  stm32f4xx_it.o(.bss)
    sta1                                     0x20000624   Data         132  bsp_pbdata.o(.bss)
    __initial_sp                             0x20009d90   Data           0  startup_stm32f40xx.o(STACK)



==============================================================================

Memory Map of the image

  Image Entry point : 0x08000189

  Load Region LR_IROM1 (Base: 0x08000000, Size: 0x000034d4, Max: 0x00100000, ABSOLUTE)

    Execution Region ER_IROM1 (Exec base: 0x08000000, Load base: 0x08000000, Size: 0x00003418, Max: 0x00100000, ABSOLUTE)

    Exec Addr    Load Addr    Size         Type   Attr      Idx    E Section Name        Object

    0x08000000   0x08000000   0x00000188   Data   RO            3    RESET               startup_stm32f40xx.o
    0x08000188   0x08000188   0x00000000   Code   RO         6052  * .ARM.Collect$$$$00000000  mc_w.l(entry.o)
    0x08000188   0x08000188   0x00000004   Code   RO         6353    .ARM.Collect$$$$00000001  mc_w.l(entry2.o)
    0x0800018c   0x0800018c   0x00000004   Code   RO         6356    .ARM.Collect$$$$00000004  mc_w.l(entry5.o)
    0x08000190   0x08000190   0x00000000   Code   RO         6358    .ARM.Collect$$$$00000008  mc_w.l(entry7b.o)
    0x08000190   0x08000190   0x00000000   Code   RO         6360    .ARM.Collect$$$$0000000A  mc_w.l(entry8b.o)
    0x08000190   0x08000190   0x00000008   Code   RO         6361    .ARM.Collect$$$$0000000B  mc_w.l(entry9a.o)
    0x08000198   0x08000198   0x00000000   Code   RO         6363    .ARM.Collect$$$$0000000D  mc_w.l(entry10a.o)
    0x08000198   0x08000198   0x00000000   Code   RO         6365    .ARM.Collect$$$$0000000F  mc_w.l(entry11a.o)
    0x08000198   0x08000198   0x00000004   Code   RO         6354    .ARM.Collect$$$$00002712  mc_w.l(entry2.o)
    0x0800019c   0x0800019c   0x000000b6   Code   RO         5966    .emb_text           port.o
    0x08000252   0x08000252   0x00000002   PAD
    0x08000254   0x08000254   0x00000024   Code   RO            4    .text               startup_stm32f40xx.o
    0x08000278   0x08000278   0x00000024   Code   RO         6058    .text               mc_w.l(memcpya.o)
    0x0800029c   0x0800029c   0x00000062   Code   RO         6370    .text               mc_w.l(uldiv.o)
    0x080002fe   0x080002fe   0x00000002   PAD
    0x08000300   0x08000300   0x00000024   Code   RO         6391    .text               mc_w.l(init.o)
    0x08000324   0x08000324   0x0000001e   Code   RO         6393    .text               mc_w.l(llshl.o)
    0x08000342   0x08000342   0x00000020   Code   RO         6395    .text               mc_w.l(llushr.o)
    0x08000362   0x08000362   0x00000002   PAD
    0x08000364   0x08000364   0x00000294   Code   RO         4750    i.AppTaskCreate     main.o
    0x080005f8   0x080005f8   0x00000002   Code   RO         4867    i.BusFault_Handler  stm32f4xx_it.o
    0x080005fa   0x080005fa   0x00000002   PAD
    0x080005fc   0x080005fc   0x00000070   Code   RO         5143    i.CAN1_Data_Tostatus  bsp_pbdata.o
    0x0800066c   0x0800066c   0x00000004   Code   RO         5094    i.CAN1_Query_handle  bsp_can.o
    0x08000670   0x08000670   0x000000e8   Code   RO         4751    i.CAN1_Receive_Task  main.o
    0x08000758   0x08000758   0x00000088   Code   RO         4752    i.CAN1_Set_Task     main.o
    0x080007e0   0x080007e0   0x00000090   Code   RO         5095    i.CAN1_Set_handle   bsp_can.o
    0x08000870   0x08000870   0x00000114   Code   RO         4868    i.CAN2_RX0_IRQHandler  stm32f4xx_it.o
    0x08000984   0x08000984   0x00000118   Code   RO         5096    i.CAN_Config        bsp_can.o
    0x08000a9c   0x08000a9c   0x0000002c   Code   RO          457    i.CAN_DeInit        stm32f4xx_can.o
    0x08000ac8   0x08000ac8   0x000000cc   Code   RO          459    i.CAN_FilterInit    stm32f4xx_can.o
    0x08000b94   0x08000b94   0x00000010   Code   RO          465    i.CAN_ITConfig      stm32f4xx_can.o
    0x08000ba4   0x08000ba4   0x000000e8   Code   RO          466    i.CAN_Init          stm32f4xx_can.o
    0x08000c8c   0x08000c8c   0x0000008e   Code   RO          469    i.CAN_Receive       stm32f4xx_can.o
    0x08000d1a   0x08000d1a   0x00000002   PAD
    0x08000d1c   0x08000d1c   0x00000084   Code   RO         5097    i.CAN_SetMsg        bsp_can.o
    0x08000da0   0x08000da0   0x00000020   Code   RO          472    i.CAN_StructInit    stm32f4xx_can.o
    0x08000dc0   0x08000dc0   0x000000a4   Code   RO          474    i.CAN_Transmit      stm32f4xx_can.o
    0x08000e64   0x08000e64   0x0000006c   Code   RO          475    i.CAN_TransmitStatus  stm32f4xx_can.o
    0x08000ed0   0x08000ed0   0x00000016   Code   RO         5144    i.Data_Integrate    bsp_pbdata.o
    0x08000ee6   0x08000ee6   0x00000002   Code   RO         4869    i.DebugMon_Handler  stm32f4xx_it.o
    0x08000ee8   0x08000ee8   0x000000c4   Code   RO         5040    i.Debug_USART_Config  bsp_debug_usart.o
    0x08000fac   0x08000fac   0x00000010   Code   RO         5213    i.Delay             bsp_485.o
    0x08000fbc   0x08000fbc   0x00000078   Code   RO         1857    i.GPIO_Init         stm32f4xx_gpio.o
    0x08001034   0x08001034   0x00000020   Code   RO         1858    i.GPIO_PinAFConfig  stm32f4xx_gpio.o
    0x08001054   0x08001054   0x00000004   Code   RO         1864    i.GPIO_ResetBits    stm32f4xx_gpio.o
    0x08001058   0x08001058   0x00000004   Code   RO         1865    i.GPIO_SetBits      stm32f4xx_gpio.o
    0x0800105c   0x0800105c   0x00000002   Code   RO         4870    i.HardFault_Handler  stm32f4xx_it.o
    0x0800105e   0x0800105e   0x00000002   PAD
    0x08001060   0x08001060   0x00000038   Code   RO         5005    i.Key_GPIO_Config   bsp_key.o
    0x08001098   0x08001098   0x00000058   Code   RO         4980    i.LED_GPIO_Config   bsp_led.o
    0x080010f0   0x080010f0   0x00000002   Code   RO         4871    i.MemManage_Handler  stm32f4xx_it.o
    0x080010f2   0x080010f2   0x00000002   Code   RO         4872    i.NMI_Handler       stm32f4xx_it.o
    0x080010f4   0x080010f4   0x00000064   Code   RO          155    i.NVIC_Init         misc.o
    0x08001158   0x08001158   0x00000014   Code   RO          156    i.NVIC_PriorityGroupConfig  misc.o
    0x0800116c   0x0800116c   0x00000018   Code   RO         2561    i.RCC_AHB1PeriphClockCmd  stm32f4xx_rcc.o
    0x08001184   0x08001184   0x00000018   Code   RO         2570    i.RCC_APB1PeriphClockCmd  stm32f4xx_rcc.o
    0x0800119c   0x0800119c   0x00000018   Code   RO         2572    i.RCC_APB1PeriphResetCmd  stm32f4xx_rcc.o
    0x080011b4   0x080011b4   0x00000018   Code   RO         2573    i.RCC_APB2PeriphClockCmd  stm32f4xx_rcc.o
    0x080011cc   0x080011cc   0x00000094   Code   RO         2582    i.RCC_GetClocksFreq  stm32f4xx_rcc.o
    0x08001260   0x08001260   0x00000178   Code   RO         5145    i.RS485_Data_Tostatus  bsp_pbdata.o
    0x080013d8   0x080013d8   0x0000002c   Code   RO         4753    i.RS485_Query_Task  main.o
    0x08001404   0x08001404   0x000000e4   Code   RO         4754    i.RS485_Receive_Task  main.o
    0x080014e8   0x080014e8   0x000000e4   Code   RO         5214    i.RS485_SetMsg      bsp_485.o
    0x080015cc   0x080015cc   0x000000b4   Code   RO           13    i.SetSysClock       system_stm32f4xx.o
    0x08001680   0x08001680   0x00000014   Code   RO         4873    i.SysTick_Handler   stm32f4xx_it.o
    0x08001694   0x08001694   0x0000005c   Code   RO           15    i.SystemInit        system_stm32f4xx.o
    0x080016f0   0x080016f0   0x0000013c   Code   RO         4874    i.USART2_IRQHandler  stm32f4xx_it.o
    0x0800182c   0x0800182c   0x00000006   Code   RO         4492    i.USART_ClearFlag   stm32f4xx_usart.o
    0x08001832   0x08001832   0x0000000c   Code   RO         4493    i.USART_ClearITPendingBit  stm32f4xx_usart.o
    0x0800183e   0x0800183e   0x00000014   Code   RO         4496    i.USART_Cmd         stm32f4xx_usart.o
    0x08001852   0x08001852   0x0000000e   Code   RO         4499    i.USART_GetFlagStatus  stm32f4xx_usart.o
    0x08001860   0x08001860   0x0000003e   Code   RO         4500    i.USART_GetITStatus  stm32f4xx_usart.o
    0x0800189e   0x0800189e   0x00000030   Code   RO         4502    i.USART_ITConfig    stm32f4xx_usart.o
    0x080018ce   0x080018ce   0x00000002   PAD
    0x080018d0   0x080018d0   0x000000ac   Code   RO         4503    i.USART_Init        stm32f4xx_usart.o
    0x0800197c   0x0800197c   0x00000008   Code   RO         4510    i.USART_ReceiveData  stm32f4xx_usart.o
    0x08001984   0x08001984   0x00000008   Code   RO         4513    i.USART_SendData    stm32f4xx_usart.o
    0x0800198c   0x0800198c   0x00000002   Code   RO         4875    i.UsageFault_Handler  stm32f4xx_it.o
    0x0800198e   0x0800198e   0x00000002   PAD
    0x08001990   0x08001990   0x000000ec   Code   RO         5215    i._485_Config       bsp_485.o
    0x08001a7c   0x08001a7c   0x00000020   Code   RO         5216    i._485_SendByte     bsp_485.o
    0x08001a9c   0x08001a9c   0x00000058   Code   RO         5217    i._485_SendStr_length  bsp_485.o
    0x08001af4   0x08001af4   0x00000010   Code   RO         5219    i._485_delay        bsp_485.o
    0x08001b04   0x08001b04   0x00000020   Code   RO         6271    i.__0printf$8       mc_w.l(printf8.o)
    0x08001b24   0x08001b24   0x0000000e   Code   RO         6403    i.__scatterload_copy  mc_w.l(handlers.o)
    0x08001b32   0x08001b32   0x00000002   Code   RO         6404    i.__scatterload_null  mc_w.l(handlers.o)
    0x08001b34   0x08001b34   0x0000000e   Code   RO         6405    i.__scatterload_zeroinit  mc_w.l(handlers.o)
    0x08001b42   0x08001b42   0x00000002   PAD
    0x08001b44   0x08001b44   0x00000410   Code   RO         6278    i._printf_core      mc_w.l(printf8.o)
    0x08001f54   0x08001f54   0x00000024   Code   RO         6279    i._printf_post_padding  mc_w.l(printf8.o)
    0x08001f78   0x08001f78   0x0000002e   Code   RO         6280    i._printf_pre_padding  mc_w.l(printf8.o)
    0x08001fa6   0x08001fa6   0x00000002   PAD
    0x08001fa8   0x08001fa8   0x00000020   Code   RO         4876    i.clean_rebuff      stm32f4xx_it.o
    0x08001fc8   0x08001fc8   0x00000024   Code   RO         5045    i.fputc             bsp_debug_usart.o
    0x08001fec   0x08001fec   0x00000098   Code   RO         4755    i.main              main.o
    0x08002084   0x08002084   0x00000070   Code   RO         5596    i.prvAddCurrentTaskToDelayedList  tasks.o
    0x080020f4   0x080020f4   0x000000d0   Code   RO         5597    i.prvAddNewTaskToReadyList  tasks.o
    0x080021c4   0x080021c4   0x00000054   Code   RO         5598    i.prvCheckTasksWaitingTermination  tasks.o
    0x08002218   0x08002218   0x00000026   Code   RO         5452    i.prvCopyDataFromQueue  queue.o
    0x0800223e   0x0800223e   0x00000014   Code   RO         5599    i.prvDeleteTCB      tasks.o
    0x08002252   0x08002252   0x00000002   PAD
    0x08002254   0x08002254   0x0000004c   Code   RO         5905    i.prvHeapInit       heap_4.o
    0x080022a0   0x080022a0   0x00000028   Code   RO         5600    i.prvIdleTask       tasks.o
    0x080022c8   0x080022c8   0x000000b8   Code   RO         5601    i.prvInitialiseNewTask  tasks.o
    0x08002380   0x08002380   0x0000004c   Code   RO         5906    i.prvInsertBlockIntoFreeList  heap_4.o
    0x080023cc   0x080023cc   0x0000001a   Code   RO         5454    i.prvIsQueueEmpty   queue.o
    0x080023e6   0x080023e6   0x00000002   PAD
    0x080023e8   0x080023e8   0x00000020   Code   RO         5602    i.prvResetNextTaskUnblockTime  tasks.o
    0x08002408   0x08002408   0x00000064   Code   RO         5967    i.prvTaskExitError  port.o
    0x0800246c   0x0800246c   0x0000006a   Code   RO         5455    i.prvUnlockQueue    queue.o
    0x080024d6   0x080024d6   0x00000002   PAD
    0x080024d8   0x080024d8   0x00000114   Code   RO         5907    i.pvPortMalloc      heap_4.o
    0x080025ec   0x080025ec   0x0000002c   Code   RO         5968    i.pxPortInitialiseStack  port.o
    0x08002618   0x08002618   0x00000024   Code   RO         5403    i.uxListRemove      list.o
    0x0800263c   0x0800263c   0x00000016   Code   RO         5404    i.vListInitialise   list.o
    0x08002652   0x08002652   0x00000006   Code   RO         5405    i.vListInitialiseItem  list.o
    0x08002658   0x08002658   0x00000030   Code   RO         5406    i.vListInsert       list.o
    0x08002688   0x08002688   0x00000018   Code   RO         5407    i.vListInsertEnd    list.o
    0x080026a0   0x080026a0   0x00000078   Code   RO         5970    i.vPortEnterCritical  port.o
    0x08002718   0x08002718   0x00000064   Code   RO         5971    i.vPortExitCritical  port.o
    0x0800277c   0x0800277c   0x0000009c   Code   RO         5908    i.vPortFree         heap_4.o
    0x08002818   0x08002818   0x00000020   Code   RO         5972    i.vPortSetupTimerInterrupt  port.o
    0x08002838   0x08002838   0x0000008c   Code   RO         5973    i.vPortValidateInterruptPriority  port.o
    0x080028c4   0x080028c4   0x00000074   Code   RO         5609    i.vTaskDelay        tasks.o
    0x08002938   0x08002938   0x000000d4   Code   RO         5611    i.vTaskDelete       tasks.o
    0x08002a0c   0x08002a0c   0x0000000c   Code   RO         5613    i.vTaskMissedYield  tasks.o
    0x08002a18   0x08002a18   0x0000005c   Code   RO         5615    i.vTaskPlaceOnEventList  tasks.o
    0x08002a74   0x08002a74   0x00000050   Code   RO         5619    i.vTaskSetTimeOutState  tasks.o
    0x08002ac4   0x08002ac4   0x00000094   Code   RO         5620    i.vTaskStartScheduler  tasks.o
    0x08002b58   0x08002b58   0x00000010   Code   RO         5622    i.vTaskSuspendAll   tasks.o
    0x08002b68   0x08002b68   0x00000084   Code   RO         5623    i.vTaskSwitchContext  tasks.o
    0x08002bec   0x08002bec   0x00000114   Code   RO         5974    i.xPortStartScheduler  port.o
    0x08002d00   0x08002d00   0x0000002c   Code   RO         5975    i.xPortSysTickHandler  port.o
    0x08002d2c   0x08002d2c   0x00000070   Code   RO         5462    i.xQueueGenericCreate  queue.o
    0x08002d9c   0x08002d9c   0x00000170   Code   RO         5463    i.xQueueGenericReceive  queue.o
    0x08002f0c   0x08002f0c   0x000000b0   Code   RO         5464    i.xQueueGenericReset  queue.o
    0x08002fbc   0x08002fbc   0x000000bc   Code   RO         5467    i.xQueueGiveFromISR  queue.o
    0x08003078   0x08003078   0x00000090   Code   RO         5624    i.xTaskCheckForTimeOut  tasks.o
    0x08003108   0x08003108   0x00000056   Code   RO         5625    i.xTaskCreate       tasks.o
    0x0800315e   0x0800315e   0x00000002   PAD
    0x08003160   0x08003160   0x0000001c   Code   RO         5628    i.xTaskGetSchedulerState  tasks.o
    0x0800317c   0x0800317c   0x000000f0   Code   RO         5631    i.xTaskIncrementTick  tasks.o
    0x0800326c   0x0800326c   0x000000a0   Code   RO         5634    i.xTaskRemoveFromEventList  tasks.o
    0x0800330c   0x0800330c   0x000000ec   Code   RO         5636    i.xTaskResumeAll    tasks.o
    0x080033f8   0x080033f8   0x00000020   Data   RO         6401    Region$$Table       anon$$obj.o


    Execution Region RW_IRAM1 (Exec base: 0x20000000, Load base: 0x08003418, Size: 0x00009d90, Max: 0x00020000, ABSOLUTE)

    Exec Addr    Load Addr    Size         Type   Attr      Idx    E Section Name        Object

    0x20000000   0x08003418   0x00000014   Data   RW           16    .data               system_stm32f4xx.o
    0x20000014   0x0800342c   0x00000010   Data   RW         2614    .data               stm32f4xx_rcc.o
    0x20000024   0x0800343c   0x00000030   Data   RW         4758    .data               main.o
    0x20000054   0x0800346c   0x00000004   Data   RW         4878    .data               stm32f4xx_it.o
    0x20000058   0x08003470   0x0000003c   Data   RW         5639    .data               tasks.o
    0x20000094   0x080034ac   0x00000018   Data   RW         5913    .data               heap_4.o
    0x200000ac   0x080034c4   0x0000000c   Data   RW         5976    .data               port.o
    0x200000b8   0x080034d0   0x00000004   Data   RW         6367    .data               mc_w.l(stdout.o)
    0x200000bc        -       0x00000152   Zero   RW         4756    .bss                main.o
    0x2000020e   0x080034d4   0x00000002   PAD
    0x20000210        -       0x00000014   Zero   RW         4757    .bss                main.o
    0x20000224        -       0x00000400   Zero   RW         4877    .bss                stm32f4xx_it.o
    0x20000624        -       0x00000084   Zero   RW         5148    .bss                bsp_pbdata.o
    0x200006a8        -       0x000002e4   Zero   RW         5638    .bss                tasks.o
    0x2000098c        -       0x00009000   Zero   RW         5912    .bss                heap_4.o
    0x2000998c   0x080034d4   0x00000004   PAD
    0x20009990        -       0x00000400   Zero   RW            1    STACK               startup_stm32f40xx.o


==============================================================================

Image component sizes


      Code (inc. data)   RO Data    RW Data    ZI Data      Debug   Object Name

       616         32          0          0          0      10273   bsp_485.o
       560         96          0          0          0       3687   bsp_can.o
       232         16          0          0          0       2026   bsp_debug_usart.o
        56          8          0          0          0        590   bsp_key.o
        88          4          0          0          0        634   bsp_led.o
       510         38          0          0        132      10907   bsp_pbdata.o
         0          0          0          0          0       2624   croutine.o
       584        138          0         24      36864       4323   heap_4.o
       136          0          0          0          0       3490   list.o
      1452        802          0         48        358      21638   main.o
       120         14          0          0          0       1883   misc.o
      1038        382          0         12          0      11293   port.o
      1014        184          0          0          0       8598   queue.o
        36          8        392          0       1024        996   startup_stm32f40xx.o
       942         36          0          0          0       7651   stm32f4xx_can.o
       160          0          0          0          0       3419   stm32f4xx_gpio.o
       656        130          0          4       1024      20543   stm32f4xx_it.o
       244         40          0         16          0       6088   stm32f4xx_rcc.o
       350          8          0          0          0       7897   stm32f4xx_usart.o
       272         36          0         20          0     282789   system_stm32f4xx.o
      2382        656          0         60        740      27544   tasks.o

    ----------------------------------------------------------------------
     11468       2628        424        184      40148     438893   Object Totals
         0          0         32          0          0          0   (incl. Generated)
        20          0          0          0          6          0   (incl. Padding)

    ----------------------------------------------------------------------

      Code (inc. data)   RO Data    RW Data    ZI Data      Debug   Library Member Name

         0          0          0          0          0          0   entry.o
         0          0          0          0          0          0   entry10a.o
         0          0          0          0          0          0   entry11a.o
         8          4          0          0          0          0   entry2.o
         4          0          0          0          0          0   entry5.o
         0          0          0          0          0          0   entry7b.o
         0          0          0          0          0          0   entry8b.o
         8          4          0          0          0          0   entry9a.o
        30          0          0          0          0          0   handlers.o
        36          8          0          0          0         68   init.o
        30          0          0          0          0         68   llshl.o
        32          0          0          0          0         68   llushr.o
        36          0          0          0          0         68   memcpya.o
      1154         54          0          0          0        352   printf8.o
         0          0          0          4          0          0   stdout.o
        98          0          0          0          0         92   uldiv.o

    ----------------------------------------------------------------------
      1444         70          0          4          0        716   Library Totals
         8          0          0          0          0          0   (incl. Padding)

    ----------------------------------------------------------------------

      Code (inc. data)   RO Data    RW Data    ZI Data      Debug   Library Name

      1436         70          0          4          0        716   mc_w.l

    ----------------------------------------------------------------------
      1444         70          0          4          0        716   Library Totals

    ----------------------------------------------------------------------

==============================================================================


      Code (inc. data)   RO Data    RW Data    ZI Data      Debug   

     12912       2698        424        188      40148     429301   Grand Totals
     12912       2698        424        188      40148     429301   ELF Image Totals
     12912       2698        424        188          0          0   ROM Totals

==============================================================================

    Total RO  Size (Code + RO Data)                13336 (  13.02kB)
    Total RW  Size (RW Data + ZI Data)             40336 (  39.39kB)
    Total ROM Size (Code + RO Data + RW Data)      13524 (  13.21kB)

==============================================================================

