<html>
<body>
<pre>
<h1>礦ision Build Log</h1>
<h2>Tool Versions:</h2>
IDE-Version: μVision V5.26.2.0
Copyright (C) 2018 ARM Ltd and ARM Germany GmbH. All rights reserved.
License Information: keil dell, keil, LIC=GMZI6-DU25L-KPEZY-IT9YS-CML3K-L89BI
 
Tool Versions:
Toolchain:       MDK-ARM Plus  Version: 5.26.2.0
Toolchain Path:  D:\Keil_v5\ARM\ARMCC\Bin
C Compiler:      Armcc.exe V5.06 update 6 (build 750)
Assembler:       Armasm.exe V5.06 update 6 (build 750)
Linker/Locator:  ArmLink.exe V5.06 update 6 (build 750)
Library Manager: ArmAr.exe V5.06 update 6 (build 750)
Hex Converter:   FromElf.exe V5.06 update 6 (build 750)
CPU DLL:         SARMCM3.DLL V5.26.2.0
Dialog DLL:      DCM.DLL V1.17.2.0
Target DLL:      CMSIS_AGDI.dll V1.30.6.0
Dialog DLL:      TCM.DLL V1.36.1.0
 
<h2>Project:</h2>
C:\Users\dell\Desktop\19-FreeRTOS-CAN通信实验-回环测试3.2\Project\RVMDK（uv5）\Fire_FreeRTOS.uvprojx
Project File Date:  11/04/2020

<h2>Output:</h2>
*** Using Compiler 'V5.06 update 6 (build 750)', folder: 'D:\Keil_v5\ARM\ARMCC\Bin'
Rebuild target 'Fire_FreeRTOS'
assembling startup_stm32f40xx.s...
compiling stm32f4xx_cec.c...
compiling stm32f4xx_crc.c...
compiling misc.c...
compiling system_stm32f4xx.c...
compiling stm32f4xx_adc.c...
compiling stm32f4xx_can.c...
compiling stm32f4xx_cryp.c...
compiling stm32f4xx_cryp_des.c...
compiling stm32f4xx_cryp_tdes.c...
compiling stm32f4xx_dac.c...
compiling stm32f4xx_dcmi.c...
compiling stm32f4xx_dbgmcu.c...
compiling stm32f4xx_dma.c...
compiling stm32f4xx_cryp_aes.c...
compiling stm32f4xx_exti.c...
compiling stm32f4xx_fmpi2c.c...
compiling stm32f4xx_hash.c...
compiling stm32f4xx_flash_ramfunc.c...
compiling stm32f4xx_gpio.c...
compiling stm32f4xx_fsmc.c...
compiling stm32f4xx_flash.c...
compiling stm32f4xx_hash_md5.c...
compiling stm32f4xx_hash_sha1.c...
compiling stm32f4xx_iwdg.c...
compiling stm32f4xx_qspi.c...
compiling stm32f4xx_i2c.c...
compiling stm32f4xx_pwr.c...
compiling stm32f4xx_rcc.c...
compiling stm32f4xx_rng.c...
compiling stm32f4xx_spdifrx.c...
compiling stm32f4xx_sai.c...
compiling stm32f4xx_sdio.c...
compiling stm32f4xx_syscfg.c...
compiling stm32f4xx_spi.c...
compiling stm32f4xx_rtc.c...
compiling stm32f4xx_tim.c...
compiling stm32f4xx_usart.c...
compiling stm32f4xx_wwdg.c...
compiling bsp_led.c...
compiling bsp_key.c...
compiling main.c...
..\..\User\pbdata\bsp_pbdata.h(338): warning:  #1295-D: Deprecated declaration RS485_Data_Tostatus - give arg types
  void RS485_Data_Tostatus();
..\..\User\pbdata\bsp_pbdata.h(339): warning:  #1295-D: Deprecated declaration CAN1_Data_Tostatus - give arg types
  void CAN1_Data_Tostatus();
..\..\User\pbdata\bsp_pbdata.h(340): warning:  #1295-D: Deprecated declaration time_to_timestamp - give arg types
  char * time_to_timestamp();
..\..\User\main.c(327): warning:  #177-D: function "CAN1_Query_Task"  was declared but never referenced
  static void CAN1_Query_Task(void* parameter)
..\..\User\main.c: 4 warnings, 0 errors
compiling stm32f4xx_it.c...
..\..\User\pbdata\bsp_pbdata.h(338): warning:  #1295-D: Deprecated declaration RS485_Data_Tostatus - give arg types
  void RS485_Data_Tostatus();
..\..\User\pbdata\bsp_pbdata.h(339): warning:  #1295-D: Deprecated declaration CAN1_Data_Tostatus - give arg types
  void CAN1_Data_Tostatus();
..\..\User\pbdata\bsp_pbdata.h(340): warning:  #1295-D: Deprecated declaration time_to_timestamp - give arg types
  char * time_to_timestamp();
..\..\User\stm32f4xx_it.c(264): warning:  #1-D: last line of file ends without a newline
  }
..\..\User\stm32f4xx_it.c: 4 warnings, 0 errors
compiling bsp_debug_usart.c...
compiling bsp_can.c...
compiling croutine.c...
compiling bsp_pbdata.c...
..\..\User\pbdata\bsp_pbdata.h(338): warning:  #1295-D: Deprecated declaration RS485_Data_Tostatus - give arg types
  void RS485_Data_Tostatus();
..\..\User\pbdata\bsp_pbdata.h(339): warning:  #1295-D: Deprecated declaration CAN1_Data_Tostatus - give arg types
  void CAN1_Data_Tostatus();
..\..\User\pbdata\bsp_pbdata.h(340): warning:  #1295-D: Deprecated declaration time_to_timestamp - give arg types
  char * time_to_timestamp();
..\..\User\pbdata\bsp_pbdata.c(233): warning:  #1-D: last line of file ends without a newline
  }
..\..\User\pbdata\bsp_pbdata.c(212): warning:  #177-D: variable "timestamp"  was declared but never referenced
  	unsigned int timestamp;
..\..\User\pbdata\bsp_pbdata.c(215): warning:  #550-D: variable "buf"  was set but never used
  	char *buf;
..\..\User\pbdata\bsp_pbdata.c: 6 warnings, 0 errors
compiling bsp_485.c...
..\..\User\pbdata\bsp_pbdata.h(338): warning:  #1295-D: Deprecated declaration RS485_Data_Tostatus - give arg types
  void RS485_Data_Tostatus();
..\..\User\pbdata\bsp_pbdata.h(339): warning:  #1295-D: Deprecated declaration CAN1_Data_Tostatus - give arg types
  void CAN1_Data_Tostatus();
..\..\User\pbdata\bsp_pbdata.h(340): warning:  #1295-D: Deprecated declaration time_to_timestamp - give arg types
  char * time_to_timestamp();
..\..\User\485\bsp_485.c: 3 warnings, 0 errors
compiling list.c...
compiling event_groups.c...
compiling queue.c...
compiling timers.c...
compiling port.c...
compiling heap_4.c...
compiling tasks.c...
linking...
Program Size: Code=12912 RO-data=424 RW-data=188 ZI-data=40148  
FromELF: creating hex file...
"..\..\Output\Fire_FreeRTOS.axf" - 0 Error(s), 17 Warning(s).

<h2>Software Packages used:</h2>

Package Vendor: Keil
                http://www.keil.com/pack/Keil.STM32F4xx_DFP.2.13.0.pack
                Keil.STM32F4xx_DFP.2.13.0
                STMicroelectronics STM32F4 Series Device Support, Drivers and Examples

<h2>Collection of Component include folders:</h2>
  .\RTE\_Fire_FreeRTOS
  D:\Keil_v5\ARM\PACK\Keil\STM32F4xx_DFP\2.13.0\Drivers\CMSIS\Device\ST\STM32F4xx\Include

<h2>Collection of Component Files used:</h2>
Build Time Elapsed:  00:00:06
</pre>
</body>
</html>
